Component: ARM Compiler 5.06 update 7 (build 960) Tool: armlink [4d3601]

==============================================================================

Loading Objects.

Loading object main.o.
              definition:  __ARM_asm.debug_abbrev.1
              definition:  __asm___6_main_c_main____REV16
              definition:  __asm___6_main_c_main____REVSH
              definition:  __ARM_use_no_argv
              definition:  __ARM_grp..debug_abbrev.group.2_Am0000_lbphKItke$2_000000
              definition:  __ARM_grp..debug_info$LoRaMac.h$.2_4B5000_3TjysZ$NpZ1_z20000
              definition:  __ARM_grp..debug_info$LoRaMacTypes.h$.2_o32000_0t3$9mUj2N6_o00000
              definition:  __ARM_grp..debug_info$Region.h$.2_YZ6000_2vJm1v9vD_6_C30000
              definition:  __ARM_grp..debug_info$bluenrg_lp.h$.2_ELA300_2N1BpTAfox7_800000
              definition:  __ARM_grp..debug_info$bluenrg_lp_hal_conf.h$.2_gb1000_6DmfCOXqvI9_300000
              definition:  __ARM_grp..debug_info$bluenrg_lpx.h$.2_ow0000_1qln5Lkoy77_300000
              definition:  __ARM_grp..debug_info$cmsis_armcc.h$.2_M32000_owwVToAPS23_R00000
              definition:  __ARM_grp..debug_info$cmsis_compiler.h$.2_sw0000_pv9$u2mCji5_300000
              definition:  __ARM_grp..debug_info$cmsis_version.h$.2_Iy0000_AgLG$kiHu69_300000
              definition:  __ARM_grp..debug_info$compiler.h$.2_aB1000_IVyrqaNcwu8_700000
              definition:  __ARM_grp..debug_info$core_cm0plus.h$.2_Q0U100_152soLAzxq9_g10000
              definition:  __ARM_grp..debug_info$hal_wrappers.h$.2_Az0000_nl1j7$D02x4_300000
              definition:  __ARM_grp..debug_info$ht_sensors.h$.2_kg1000_jroB2uNp5na_900000
              definition:  __ARM_grp..debug_info$i2c.h$.2_XoN300_yKI4pOd_x$c_H10000
              definition:  __ARM_grp..debug_info$lora-test.h$.2_8x0000_O6Wj8rVTqw9_300000
              definition:  __ARM_grp..debug_info$lora.h$.2_Io2000_1HNoUuTdcve_z00000
              definition:  __ARM_grp..debug_info$lorawan_setup.h$.2_gw0000_5JQYD4dpCY2_300000
              definition:  __ARM_grp..debug_info$lorawandefines.h$.2_IP0000_MjaBAjVdX14_300000
              definition:  __ARM_grp..debug_info$main.c$.2_Xb1000_oTQ8M5qubR7_700000
              definition:  __ARM_grp..debug_info$main.h$.2_gz0000_mr7e7dno5S5_300000
              definition:  __ARM_grp..debug_info$mpu_armv7.h$.2_sL2000_dBwiRTKg2K0_k00000
              definition:  __ARM_grp..debug_info$peripheral_init.h$.2_AE0000_TGz46fC_yn3_300000
              definition:  __ARM_grp..debug_info$radio.h$.2_0b3000_qiNCho844q7_L10000
              definition:  __ARM_grp..debug_info$rf_driver_hal.h$.2_7F3000_SsdbHvIhOV6_j00000
              definition:  __ARM_grp..debug_info$rf_driver_hal_cortex.h$.2_cN3000_LBTW5HtXc96_h00000
              definition:  __ARM_grp..debug_info$rf_driver_hal_def.h$.2_kX0000_12Gm8JEHLJ5_300000
              definition:  __ARM_grp..debug_info$rf_driver_hal_dma.h$.2_ccU100_R1Gyb2EtVf6_s00000
              definition:  __ARM_grp..debug_info$rf_driver_hal_exti.h$.2_YI2000_IbmfCP$9na7_b00000
              definition:  __ARM_grp..debug_info$rf_driver_hal_flash.h$.2_9w7000_u6LheAZvAkf_P00000
              definition:  __ARM_grp..debug_info$rf_driver_hal_flash_ex.h$.2_8w0000_LflCxs4SfR4_300000
              definition:  __ARM_grp..debug_info$rf_driver_hal_gpio.h$.2_gY2000_95E1TWItqSf_b00000
              definition:  __ARM_grp..debug_info$rf_driver_hal_gpio_ex.h$.2_gn1000_436vhQFDQY8_300000
              definition:  __ARM_grp..debug_info$rf_driver_hal_i2c.h$.2_c1W100_qnpI1k_4dFe_N00000
              definition:  __ARM_grp..debug_info$rf_driver_hal_i2c_ex.h$.2_sU0000__8cuWG9eq02_300000
              definition:  __ARM_grp..debug_info$rf_driver_hal_pwr.h$.2_4R1000_kfxisnq2OCb_800000
              definition:  __ARM_grp..debug_info$rf_driver_hal_pwr_ex.h$.2_kS1000_BzPYZyzq$y0_300000
              definition:  __ARM_grp..debug_info$rf_driver_hal_rcc.h$.2_8H9000__cbux$Xee_e_f00000
              definition:  __ARM_grp..debug_info$rf_driver_hal_rcc_ex.h$.2_4J2000_OtCdEcWU_Hd_b00000
              definition:  __ARM_grp..debug_info$rf_driver_hal_rtc.h$.2_0FU100_hcs_leJP4D8_C00000
              definition:  __ARM_grp..debug_info$rf_driver_hal_rtc_ex.h$.2_Ig2000_9h3I38LP025_300000
              definition:  __ARM_grp..debug_info$rf_driver_hal_spi.h$.2_0mW100_nd23a8QrSc3_R00000
              definition:  __ARM_grp..debug_info$rf_driver_hal_spi_ex.h$.2_Yv0000_szDn9WrYUOd_300000
              definition:  __ARM_grp..debug_info$rf_driver_hal_uart.h$.2_Ix_100_3zi_dSUHhr6_$00000
              definition:  __ARM_grp..debug_info$rf_driver_hal_uart_ex.h$.2_wL1000_uRZ_cE0YI3d_300000
              definition:  __ARM_grp..debug_info$rf_driver_ll_bus.h$.2_U92000_id9yfbpiwM2_z00000
              definition:  __ARM_grp..debug_info$rf_driver_ll_dma.h$.2_whU100_t2ywuDNkl33_D20000
              definition:  __ARM_grp..debug_info$rf_driver_ll_dmamux.h$.2_cFQ100_mo_HJD_Uoe8_h00000
[...]
    0x10044234   0x10044234   0x00000010   Code   RO         5218    i.HW_GPIO_Read      hal_wrappers.o
    0x10044244   0x10044244   0x00000014   Code   RO         5220    i.HW_GPIO_Write     hal_wrappers.o
    0x10044258   0x10044258   0x00000004   Code   RO         5516    i.HW_GetBatteryLevel  utils.o
    0x1004425c   0x1004425c   0x00000018   Code   RO         5517    i.HW_GetRandomSeed  utils.o
    0x10044274   0x10044274   0x00000004   Code   RO         5518    i.HW_GetTemperatureLevel  utils.o
    0x10044278   0x10044278   0x00000064   Code   RO         5519    i.HW_GetUniqueId    utils.o
    0x100442dc   0x100442dc   0x00000020   Code   RO          315    i.HW_RTC_BKUPRead   rtc.o
    0x100442fc   0x100442fc   0x00000020   Code   RO          316    i.HW_RTC_BKUPWrite  rtc.o
    0x1004431c   0x1004431c   0x0000002a   Code   RO          317    i.HW_RTC_GetCalendarTime  rtc.o
    0x10044346   0x10044346   0x00000002   PAD
    0x10044348   0x10044348   0x000000c0   Code   RO          318    i.HW_RTC_GetCalendarValue  rtc.o
    0x10044408   0x10044408   0x00000004   Code   RO          319    i.HW_RTC_GetMinimumTimeout  rtc.o
    0x1004440c   0x1004440c   0x0000000c   Code   RO          320    i.HW_RTC_GetTimerContext  rtc.o
    0x10044418   0x10044418   0x0000001c   Code   RO          321    i.HW_RTC_GetTimerElapsedTime  rtc.o
    0x10044434   0x10044434   0x00000014   Code   RO          322    i.HW_RTC_GetTimerValue  rtc.o
    0x10044448   0x10044448   0x0000000c   Code   RO          323    i.HW_RTC_Init       rtc.o
    0x10044454   0x10044454   0x0000000c   Code   RO          324    i.HW_RTC_SetAlarm   rtc.o
    0x10044460   0x10044460   0x00000014   Code   RO          325    i.HW_RTC_SetAlarmConfig  rtc.o
    0x10044474   0x10044474   0x0000001c   Code   RO          326    i.HW_RTC_SetTimerContext  rtc.o
    0x10044490   0x10044490   0x00000180   Code   RO          327    i.HW_RTC_StartWakeUpAlarm  rtc.o
    0x10044610   0x10044610   0x0000002c   Code   RO          328    i.HW_RTC_StopAlarm  rtc.o
    0x1004463c   0x1004463c   0x00000018   Code   RO          329    i.HW_RTC_Tick2ms    rtc.o
    0x10044654   0x10044654   0x00000018   Code   RO          330    i.HW_RTC_ms2Tick    rtc.o
    0x1004466c   0x1004466c   0x00000020   Code   RO         5221    i.HW_SPI_InOut      hal_wrappers.o
    0x1004468c   0x1004468c   0x000000cc   Code   RO         1221    i.HandleRadioRxErrorTimeout  loramac.o
    0x10044758   0x10044758   0x00000002   Code   RO         7885    i.HardFault_IRQHandler  system_bluenrg_lp.o
    0x1004475a   0x1004475a   0x00000002   Code   RO         7886    i.I2C1_IRQHandler   system_bluenrg_lp.o
    0x1004475c   0x1004475c   0x00000002   Code   RO         7887    i.I2C2_IRQHandler   system_bluenrg_lp.o
    0x1004475e   0x1004475e   0x00000032   Code   RO         7440    i.I2C_Flush_TXDR    rf_driver_hal_i2c.o
    0x10044790   0x10044790   0x000000a0   Code   RO         7448    i.I2C_IsAcknowledgeFailed  rf_driver_hal_i2c.o
    0x10044830   0x10044830   0x00000080   Code   RO         7451    i.I2C_RequestMemoryRead  rf_driver_hal_i2c.o
    0x100448b0   0x100448b0   0x00000080   Code   RO         7452    i.I2C_RequestMemoryWrite  rf_driver_hal_i2c.o
    0x10044930   0x10044930   0x00000038   Code   RO         7455    i.I2C_TransferConfig  rf_driver_hal_i2c.o
    0x10044968   0x10044968   0x00000058   Code   RO         7456    i.I2C_WaitOnFlagUntilTimeout  rf_driver_hal_i2c.o
    0x100449c0   0x100449c0   0x0000005a   Code   RO         7458    i.I2C_WaitOnSTOPFlagUntilTimeout  rf_driver_hal_i2c.o
    0x10044a1a   0x10044a1a   0x00000060   Code   RO         7459    i.I2C_WaitOnTXISFlagUntilTimeout  rf_driver_hal_i2c.o
    0x10044a7a   0x10044a7a   0x00000002   PAD
    0x10044a7c   0x10044a7c   0x00000068   Code   RO          556    i.IRQHandler_Config  bluenrg_lp_hal_msp.o
    0x10044ae4   0x10044ae4   0x00000018   Code   RO         2033    i.IncreaseBufferPointer  loramacconfirmqueue.o
    0x10044afc   0x10044afc   0x00000024   Code   RO         1222    i.IsRequestPending  loramac.o
    0x10044b20   0x10044b20   0x0000001e   Code   RO         1902    i.IsSlotFree        loramaccommands.o
    0x10044b3e   0x10044b3e   0x0000001a   Code   RO         1903    i.IsSticky          loramaccommands.o
    0x10044b58   0x10044b58   0x0000001c   Code   RO          557    i.LL_AHB_EnableClock  bluenrg_lp_hal_msp.o
    0x10044b74   0x10044b74   0x0000001c   Code   RO         5222    i.LL_AHB_EnableClock  hal_wrappers.o
    0x10044b90   0x10044b90   0x0000001c   Code   RO          559    i.LL_APB1_EnableClock  bluenrg_lp_hal_msp.o
    0x10044bac   0x10044bac   0x00000008   Code   RO         5945    i.LL_EXTI_ClearInterrupt  rf_driver_hal_exti.o
    0x10044bb4   0x10044bb4   0x00000016   Code   RO         5946    i.LL_EXTI_IsInterruptPending  rf_driver_hal_exti.o
    0x10044bca   0x10044bca   0x0000007e   Code   RO         5947    i.LL_EXTI_SetTrigger  rf_driver_hal_exti.o
    0x10044c48   0x10044c48   0x0000000c   Code   RO         7888    i.LL_FLASH_SetWaitStates  system_bluenrg_lp.o
    0x10044c54   0x10044c54   0x00000010   Code   RO         7889    i.LL_PWR_EnableRAMBankRet  system_bluenrg_lp.o
    0x10044c64   0x10044c64   0x00000014   Code   RO         7890    i.LL_RCC_SetRC64MPLLPrescaler  system_bluenrg_lp.o
    0x10044c78   0x10044c78   0x00000014   Code   RO         7891    i.LL_RCC_SetRFClockSource  system_bluenrg_lp.o
    0x10044c8c   0x10044c8c   0x0000000e   Code   RO         7892    i.LL_SYSCFG_GetDeviceVersion  system_bluenrg_lp.o
    0x10044c9a   0x10044c9a   0x00000002   PAD
    0x10044c9c   0x10044c9c   0x00000048   Code   RO          460    i.LORAWAN_init      lorawan_setup.o
    0x10044ce4   0x10044ce4   0x0000001c   Code   RO          461    i.LORAWAN_tick      lorawan_setup.o
    0x10044d00   0x10044d00   0x00000048   Code   RO          462    i.LORA_ConfirmClass  lorawan_setup.o
    0x10044d48   0x10044d48   0x0000000a   Code   RO          463    i.LORA_HasJoined    lorawan_setup.o
    0x10044d52   0x10044d52   0x00000002   PAD
    0x10044d54   0x10044d54   0x000002dc   Code   RO          846    i.LORA_Init         lora.o
    0x10045030   0x10045030   0x0000003c   Code   RO          847    i.LORA_Join         lora.o
    0x1004506c   0x1004506c   0x00000020   Code   RO          848    i.LORA_JoinStatus   lora.o
    0x1004508c   0x1004508c   0x00000094   Code   RO          849    i.LORA_RequestClass  lora.o
    0x10045120   0x10045120   0x00000054   Code   RO          464    i.LORA_RxData       lorawan_setup.o
    0x10045174   0x10045174   0x0000001c   Code   RO          465    i.LORA_TxNeeded     lorawan_setup.o
    0x10045190   0x10045190   0x00000098   Code   RO          850    i.LORA_send         lora.o
    0x10045228   0x10045228   0x00000002   Code   RO         7893    i.LPUART1_IRQHandler  system_bluenrg_lp.o
    0x1004522a   0x1004522a   0x00000002   PAD
    0x1004522c   0x1004522c   0x0000006c   Code   RO         7894    i.LSConfig          system_bluenrg_lp.o
    0x10045298   0x10045298   0x00000048   Code   RO          768    i.LSP22HB_Init      ht_sensors.o
    0x100452e0   0x100452e0   0x00000014   Code   RO         2581    i.LimitTxPower      regionas923.o
    0x100452f4   0x100452f4   0x00000014   Code   RO         2767    i.LimitTxPower      regionau915.o
    0x10045308   0x10045308   0x00000014   Code   RO         2951    i.LimitTxPower      regioncn470.o
    0x1004531c   0x1004531c   0x00000014   Code   RO         3134    i.LimitTxPower      regioncn779.o
    0x10045330   0x10045330   0x00000014   Code   RO         3434    i.LimitTxPower      regioneu433.o
    0x10045344   0x10045344   0x00000014   Code   RO         3617    i.LimitTxPower      regioneu868.o
    0x10045358   0x10045358   0x00000014   Code   RO         3984    i.LimitTxPower      regionkr920.o
    0x1004536c   0x1004536c   0x00000014   Code   RO         4171    i.LimitTxPower      regionru864.o
    0x10045380   0x10045380   0x0000004a   Code   RO         4356    i.LimitTxPower      regionus915.o
    0x100453ca   0x100453ca   0x00000028   Code   RO         1904    i.LinkedListAdd     loramaccommands.o
    0x100453f2   0x100453f2   0x0000002a   Code   RO         1905    i.LinkedListGetPrevious  loramaccommands.o
    0x1004541c   0x1004541c   0x00000012   Code   RO         1906    i.LinkedListInit    loramaccommands.o
    0x1004542e   0x1004542e   0x0000003c   Code   RO         1907    i.LinkedListRemove  loramaccommands.o
    0x1004546a   0x1004546a   0x00000022   Code   RO         1664    i.LoRaMacAdrCalcNext  loramacadr.o
    0x1004548c   0x1004548c   0x00000040   Code   RO         1225    i.LoRaMacCheckForBeaconAcquisition  loramac.o
    0x100454cc   0x100454cc   0x00000028   Code   RO         1226    i.LoRaMacCheckForRxAbort  loramac.o
    0x100454f4   0x100454f4   0x00000006   Code   RO         1690    i.LoRaMacClassBBeaconFreqReq  loramacclassb.o
    0x100454fa   0x100454fa   0x00000002   Code   RO         1691    i.LoRaMacClassBBeaconTimerEvent  loramacclassb.o
    0x100454fc   0x100454fc   0x00000002   Code   RO         1692    i.LoRaMacClassBBeaconTimingAns  loramacclassb.o
    0x100454fe   0x100454fe   0x00000002   Code   RO         1693    i.LoRaMacClassBDeviceTimeAns  loramacclassb.o
    0x10045500   0x10045500   0x00000008   Code   RO         1694    i.LoRaMacClassBGetNvmCtx  loramacclassb.o
    0x10045508   0x10045508   0x00000002   Code   RO         1695    i.LoRaMacClassBHaltBeaconing  loramacclassb.o
    0x1004550a   0x1004550a   0x00000002   Code   RO         1696    i.LoRaMacClassBInit  loramacclassb.o
    0x1004550c   0x1004550c   0x00000004   Code   RO         1697    i.LoRaMacClassBIsAcquisitionInProgress  loramacclassb.o
    0x10045510   0x10045510   0x00000004   Code   RO         1699    i.LoRaMacClassBIsBeaconExpected  loramacclassb.o
    0x10045514   0x10045514   0x00000004   Code   RO         1700    i.LoRaMacClassBIsBeaconModeActive  loramacclassb.o
    0x10045518   0x10045518   0x00000004   Code   RO         1701    i.LoRaMacClassBIsMulticastExpected  loramacclassb.o
    0x1004551c   0x1004551c   0x00000004   Code   RO         1702    i.LoRaMacClassBIsPingExpected  loramacclassb.o
    0x10045520   0x10045520   0x00000006   Code   RO         1703    i.LoRaMacClassBIsUplinkCollision  loramacclassb.o
    0x10045526   0x10045526   0x00000006   Code   RO         1704    i.LoRaMacClassBMibGetRequestConfirm  loramacclassb.o
    0x1004552c   0x1004552c   0x00000002   Code   RO         1705    i.LoRaMacClassBMulticastSlotTimerEvent  loramacclassb.o
    0x1004552e   0x1004552e   0x00000006   Code   RO         1706    i.LoRaMacClassBPingSlotChannelReq  loramacclassb.o
    0x10045534   0x10045534   0x00000002   Code   RO         1707    i.LoRaMacClassBPingSlotInfoAns  loramacclassb.o
    0x10045536   0x10045536   0x00000002   Code   RO         1708    i.LoRaMacClassBPingSlotTimerEvent  loramacclassb.o
    0x10045538   0x10045538   0x00000002   Code   RO         1709    i.LoRaMacClassBProcess  loramacclassb.o
    0x1004553a   0x1004553a   0x00000006   Code   RO         1710    i.LoRaMacClassBRestoreNvmCtx  loramacclassb.o
    0x10045540   0x10045540   0x00000002   Code   RO         1711    i.LoRaMacClassBResumeBeaconing  loramacclassb.o
    0x10045542   0x10045542   0x00000006   Code   RO         1712    i.LoRaMacClassBRxBeacon  loramacclassb.o
    0x10045548   0x10045548   0x00000002   Code   RO         1713    i.LoRaMacClassBSetBeaconState  loramacclassb.o
    0x1004554a   0x1004554a   0x00000002   Code   RO         1715    i.LoRaMacClassBSetMulticastSlotState  loramacclassb.o
    0x1004554c   0x1004554c   0x00000002   Code   RO         1716    i.LoRaMacClassBSetPingSlotInfo  loramacclassb.o
    0x1004554e   0x1004554e   0x00000002   Code   RO         1717    i.LoRaMacClassBSetPingSlotState  loramacclassb.o
    0x10045550   0x10045550   0x00000002   Code   RO         1719    i.LoRaMacClassBStopRxSlots  loramacclassb.o
    0x10045552   0x10045552   0x00000006   Code   RO         1720    i.LoRaMacClassBSwitchClass  loramacclassb.o
    0x10045558   0x10045558   0x00000074   Code   RO         1908    i.LoRaMacCommandsAddCmd  loramaccommands.o
    0x100455cc   0x100455cc   0x00000010   Code   RO         1910    i.LoRaMacCommandsGetNvmCtx  loramaccommands.o
    0x100455dc   0x100455dc   0x00000018   Code   RO         1911    i.LoRaMacCommandsGetSizeSerializedCmds  loramaccommands.o
    0x100455f4   0x100455f4   0x00000024   Code   RO         1912    i.LoRaMacCommandsInit  loramaccommands.o
    0x10045618   0x10045618   0x00000048   Code   RO         1913    i.LoRaMacCommandsRemoveCmd  loramaccommands.o
    0x10045660   0x10045660   0x0000002c   Code   RO         1914    i.LoRaMacCommandsRemoveNoneStickyCmds  loramaccommands.o
    0x1004568c   0x1004568c   0x00000048   Code   RO         1915    i.LoRaMacCommandsRemoveStickyAnsCmds  loramaccommands.o
    0x100456d4   0x100456d4   0x00000020   Code   RO         1916    i.LoRaMacCommandsRestoreNvmCtx  loramaccommands.o
    0x100456f4   0x100456f4   0x00000058   Code   RO         1917    i.LoRaMacCommandsSerializeCmds  loramaccommands.o
    0x1004574c   0x1004574c   0x00000030   Code   RO         1918    i.LoRaMacCommandsStickyCmdsPending  loramaccommands.o
    0x1004577c   0x1004577c   0x00000054   Code   RO         2034    i.LoRaMacConfirmQueueAdd  loramacconfirmqueue.o
    0x100457d0   0x100457d0   0x0000000c   Code   RO         2035    i.LoRaMacConfirmQueueGetCnt  loramacconfirmqueue.o
    0x100457dc   0x100457dc   0x00000010   Code   RO         2036    i.LoRaMacConfirmQueueGetNvmCtx  loramacconfirmqueue.o
    0x100457ec   0x100457ec   0x00000030   Code   RO         2037    i.LoRaMacConfirmQueueGetStatus  loramacconfirmqueue.o
    0x1004581c   0x1004581c   0x00000070   Code   RO         2039    i.LoRaMacConfirmQueueHandleCb  loramacconfirmqueue.o
    0x1004588c   0x1004588c   0x00000044   Code   RO         2040    i.LoRaMacConfirmQueueInit  loramacconfirmqueue.o
    0x100458d0   0x100458d0   0x00000020   Code   RO         2041    i.LoRaMacConfirmQueueIsCmdActive  loramacconfirmqueue.o
    0x100458f0   0x100458f0   0x00000018   Code   RO         2042    i.LoRaMacConfirmQueueIsFull  loramacconfirmqueue.o
    0x10045908   0x10045908   0x00000030   Code   RO         2043    i.LoRaMacConfirmQueueRemoveFirst  loramacconfirmqueue.o
    0x10045938   0x10045938   0x00000020   Code   RO         2045    i.LoRaMacConfirmQueueRestoreNvmCtx  loramacconfirmqueue.o
    0x10045958   0x10045958   0x00000030   Code   RO         2046    i.LoRaMacConfirmQueueSetStatus  loramacconfirmqueue.o
    0x10045988   0x10045988   0x0000003c   Code   RO         2047    i.LoRaMacConfirmQueueSetStatusCmn  loramacconfirmqueue.o
    0x100459c4   0x100459c4   0x00000050   Code   RO         2153    i.LoRaMacCryptoDeriveMcKEKey  loramaccrypto.o
    0x10045a14   0x10045a14   0x00000078   Code   RO         2154    i.LoRaMacCryptoDeriveMcRootKey  loramaccrypto.o
    0x10045a8c   0x10045a8c   0x00000094   Code   RO         2156    i.LoRaMacCryptoGetFCntDown  loramaccrypto.o
    0x10045b20   0x10045b20   0x0000001c   Code   RO         2157    i.LoRaMacCryptoGetFCntUp  loramaccrypto.o
    0x10045b3c   0x10045b3c   0x00000010   Code   RO         2158    i.LoRaMacCryptoGetNvmCtx  loramaccrypto.o
    0x10045b4c   0x10045b4c   0x00000208   Code   RO         2159    i.LoRaMacCryptoHandleJoinAccept  loramaccrypto.o
    0x10045d54   0x10045d54   0x00000058   Code   RO         2160    i.LoRaMacCryptoInit  loramaccrypto.o
    0x10045dac   0x10045dac   0x0000006c   Code   RO         2161    i.LoRaMacCryptoPrepareJoinRequest  loramaccrypto.o
    0x10045e18   0x10045e18   0x00000020   Code   RO         2164    i.LoRaMacCryptoRestoreNvmCtx  loramaccrypto.o
    0x10045e38   0x10045e38   0x000000b0   Code   RO         2165    i.LoRaMacCryptoSecureMessage  loramaccrypto.o
    0x10045ee8   0x10045ee8   0x0000003e   Code   RO         2166    i.LoRaMacCryptoSetKey  loramaccrypto.o
    0x10045f26   0x10045f26   0x00000002   PAD
    0x10045f28   0x10045f28   0x00000014   Code   RO         2167    i.LoRaMacCryptoSetLrWanVersion  loramaccrypto.o
    0x10045f3c   0x10045f3c   0x00000034   Code   RO         2168    i.LoRaMacCryptoSetMulticastReference  loramaccrypto.o
    0x10045f70   0x10045f70   0x000000dc   Code   RO         2169    i.LoRaMacCryptoUnsecureMessage  loramaccrypto.o
    0x1004604c   0x1004604c   0x0000000c   Code   RO         1227    i.LoRaMacEnableRequests  loramac.o
    0x10046058   0x10046058   0x00000088   Code   RO         1228    i.LoRaMacHandleIndicationEvents  loramac.o
    0x100460e0   0x100460e0   0x000000dc   Code   RO         1229    i.LoRaMacHandleIrqEvents  loramac.o
    0x100461bc   0x100461bc   0x000000b0   Code   RO         1230    i.LoRaMacHandleMcpsRequest  loramac.o
    0x1004626c   0x1004626c   0x00000060   Code   RO         1231    i.LoRaMacHandleMlmeRequest  loramac.o
    0x100462cc   0x100462cc   0x000000b8   Code   RO         1232    i.LoRaMacHandleRequestEvents  loramac.o
    0x10046384   0x10046384   0x00000028   Code   RO         1233    i.LoRaMacHandleScheduleUplinkEvent  loramac.o
    0x100463ac   0x100463ac   0x000004f8   Code   RO         1234    i.LoRaMacInitialization  loramac.o
    0x100468a4   0x100468a4   0x00000030   Code   RO         1235    i.LoRaMacIsBusy     loramac.o
    0x100468d4   0x100468d4   0x00000204   Code   RO         1240    i.LoRaMacMcpsRequest  loramac.o
    0x10046ad8   0x10046ad8   0x00000006   Code   RO         1721    i.LoRaMacMibClassBSetRequestConfirm  loramacclassb.o
    0x10046ade   0x10046ade   0x00000002   PAD
    0x10046ae0   0x10046ae0   0x000001ec   Code   RO         1241    i.LoRaMacMibGetRequestConfirm  loramac.o
    0x10046ccc   0x10046ccc   0x000006ac   Code   RO         1242    i.LoRaMacMibSetRequestConfirm  loramac.o
    0x10047378   0x10047378   0x00000208   Code   RO         1243    i.LoRaMacMlmeRequest  loramac.o
    0x10047580   0x10047580   0x0000012a   Code   RO         2324    i.LoRaMacParserData  loramacparser.o
    0x100476aa   0x100476aa   0x000000fe   Code   RO         2325    i.LoRaMacParserJoinAccept  loramacparser.o
    0x100477a8   0x100477a8   0x00000060   Code   RO         1244    i.LoRaMacProcess    loramac.o
    0x10047808   0x10047808   0x000000f8   Code   RO         1245    i.LoRaMacQueryTxPossible  loramac.o
    0x10047900   0x10047900   0x00000136   Code   RO         2350    i.LoRaMacSerializerData  loramacserializer.o
    0x10047a36   0x10047a36   0x000000aa   Code   RO         2351    i.LoRaMacSerializerJoinRequest  loramacserializer.o
    0x10047ae0   0x10047ae0   0x0000000c   Code   RO         1246    i.LoRaMacStart      loramac.o
    0x10047aec   0x10047aec   0x0000002c   Code   RO         1248    i.LoRaMacTestSetDutyCycleOn  loramac.o
    0x10047b18   0x10047b18   0x0000000c   Code   RO          466    i.LoraMacProcessNotify  lorawan_setup.o
    0x10047b24   0x10047b24   0x00000002   Code   RO         7895    i.MR_BLE_IRQHandler  system_bluenrg_lp.o
    0x10047b26   0x10047b26   0x00000002   PAD
    0x10047b28   0x10047b28   0x000000d8   Code   RO          562    i.MX_GPIO_Init      bluenrg_lp_hal_msp.o
    0x10047c00   0x10047c00   0x00000060   Code   RO          727    i.MX_I2C2_Init      i2c.o
    0x10047c60   0x10047c60   0x00000154   Code   RO          331    i.MX_RTC_Init       rtc.o
    0x10047db4   0x10047db4   0x0000006c   Code   RO          255    i.MX_SPI1_Init      spi.o
    0x10047e20   0x10047e20   0x00000118   Code   RO          281    i.MX_USART1_UART_Init  uart.o
    0x10047f38   0x10047f38   0x0000002c   Code   RO         1919    i.MallocNewMacCommandSlot  loramaccommands.o
    0x10047f64   0x10047f64   0x0000002c   Code   RO          851    i.McpsConfirm       lora.o
    0x10047f90   0x10047f90   0x00000124   Code   RO          852    i.McpsIndication    lora.o
    0x100480b4   0x100480b4   0x00000040   Code   RO          853    i.MlmeConfirm       lora.o
    0x100480f4   0x100480f4   0x00000020   Code   RO          854    i.MlmeIndication    lora.o
    0x10048114   0x10048114   0x00000238   Code   RO         7896    i.MrBleBiasTrimConfig  system_bluenrg_lp.o
    0x1004834c   0x1004834c   0x00000002   Code   RO         7897    i.NMI_IRQHandler    system_bluenrg_lp.o
    0x1004834e   0x1004834e   0x00000002   PAD
    0x10048350   0x10048350   0x00000018   Code   RO         1920    i.NvmCtxCallback    loramaccommands.o
    0x10048368   0x10048368   0x0000005c   Code   RO         1249    i.OnAckTimeoutTimerEvent  loramac.o
    0x100483c4   0x100483c4   0x00000040   Code   RO          932    i.OnCertifTxNextPacketTimerEvent  lora-test.o
    0x10048404   0x10048404   0x00000054   Code   RO         1250    i.OnRadioRxDone     loramac.o
    0x10048458   0x10048458   0x00000034   Code   RO         1251    i.OnRadioRxError    loramac.o
    0x1004848c   0x1004848c   0x00000034   Code   RO         1252    i.OnRadioRxTimeout  loramac.o
    0x100484c0   0x100484c0   0x00000054   Code   RO         1253    i.OnRadioTxDone     loramac.o
    0x10048514   0x10048514   0x00000034   Code   RO         1254    i.OnRadioTxTimeout  loramac.o
    0x10048548   0x10048548   0x0000005c   Code   RO         1255    i.OnRxWindow1TimerEvent  loramac.o
    0x100485a4   0x100485a4   0x0000007c   Code   RO         1256    i.OnRxWindow2TimerEvent  loramac.o
    0x10048620   0x10048620   0x00000050   Code   RO          769    i.OnSensorsTimerEvent  ht_sensors.o
    0x10048670   0x10048670   0x00000060   Code   RO         1257    i.OnTxDelayedTimerEvent  loramac.o
    0x100486d0   0x100486d0   0x00000048   Code   RO          468    i.OnTxTimerEvent    lorawan_setup.o
    0x10048718   0x10048718   0x0000003c   Code   RO         1258    i.OpenContinuousRxCWindow  loramac.o
    0x10048754   0x10048754   0x00000002   Code   RO         7898    i.PKA_IRQHandler    system_bluenrg_lp.o
    0x10048756   0x10048756   0x00000002   Code   RO         7899    i.PVD_IRQHandler    system_bluenrg_lp.o
    0x10048758   0x10048758   0x000000ca   Code   RO         2170    i.PayloadEncrypt    loramaccrypto.o
    0x10048822   0x10048822   0x00000002   Code   RO          642    i.PendSV_IRQHandler  bluenrg_lp_it.o
    0x10048824   0x10048824   0x00000070   Code   RO         2171    i.PrepareB0         loramaccrypto.o
    0x10048894   0x10048894   0x000001f4   Code   RO         1259    i.PrepareFrame      loramac.o
    0x10048a88   0x10048a88   0x00000048   Code   RO         1260    i.PrepareRxDoneAbort  loramac.o
    0x10048ad0   0x10048ad0   0x000007f4   Code   RO         1261    i.ProcessMacCommands  loramac.o
    0x100492c4   0x100492c4   0x000007b8   Code   RO         1262    i.ProcessRadioRxDone  loramac.o
    0x10049a7c   0x10049a7c   0x0000000c   Code   RO         1263    i.ProcessRadioRxError  loramac.o
    0x10049a88   0x10049a88   0x0000000c   Code   RO         1264    i.ProcessRadioRxTimeout  loramac.o
    0x10049a94   0x10049a94   0x0000011c   Code   RO         1265    i.ProcessRadioTxDone  loramac.o
    0x10049bb0   0x10049bb0   0x00000054   Code   RO         1266    i.ProcessRadioTxTimeout  loramac.o
    0x10049c04   0x10049c04   0x00000002   Code   RO         7901    i.RADIO_CTRL_IRQHandler  system_bluenrg_lp.o
    0x10049c06   0x10049c06   0x00000002   Code   RO         7902    i.RCC_IRQHandler    system_bluenrg_lp.o
    0x10049c08   0x10049c08   0x00000024   Code   RO         7903    i.RESET_HANDLER     system_bluenrg_lp.o
    0x10049c2c   0x10049c2c   0x00000018   Code   RO         6297    i.RTC_Bcd2ToByte    rf_driver_hal_rtc.o
    0x10049c44   0x10049c44   0x0000001c   Code   RO         6298    i.RTC_ByteToBcd2    rf_driver_hal_rtc.o
    0x10049c60   0x10049c60   0x00000040   Code   RO         6299    i.RTC_EnterInitMode  rf_driver_hal_rtc.o
    0x10049ca0   0x10049ca0   0x00000008   Code   RO          643    i.RTC_IRQHandler    bluenrg_lp_it.o
    0x10049ca8   0x10049ca8   0x00000006   Code   RO         4544    i.RadioCheckRfFrequency  radio.o
    0x10049cae   0x10049cae   0x00000002   PAD
    0x10049cb0   0x10049cb0   0x000000a0   Code   RO         7905    i.RadioClockConfig  system_bluenrg_lp.o
    0x10049d50   0x10049d50   0x0000003c   Code   RO         4545    i.RadioGetFskBandwidthRegValue  radio.o
    0x10049d8c   0x10049d8c   0x00000024   Code   RO         4546    i.RadioGetStatus    radio.o
    0x10049db0   0x10049db0   0x0000000a   Code   RO         4547    i.RadioGetWakeupTime  radio.o
    0x10049dba   0x10049dba   0x00000002   PAD
    0x10049dbc   0x10049dbc   0x00000074   Code   RO         4548    i.RadioInit         radio.o
    0x10049e30   0x10049e30   0x0000025c   Code   RO         4549    i.RadioIrqProcess   radio.o
    0x1004a08c   0x1004a08c   0x00000068   Code   RO         4550    i.RadioIsChannelFree  radio.o
    0x1004a0f4   0x1004a0f4   0x00000014   Code   RO         4551    i.RadioOnDioIrq     radio.o
    0x1004a108   0x1004a108   0x00000038   Code   RO         4552    i.RadioOnRxTimeoutIrq  radio.o
    0x1004a140   0x1004a140   0x00000024   Code   RO         4553    i.RadioOnTxTimeoutIrq  radio.o
    0x1004a164   0x1004a164   0x0000002c   Code   RO         4554    i.RadioRandom       radio.o
    0x1004a190   0x1004a190   0x0000000c   Code   RO         4555    i.RadioRead         radio.o
    0x1004a19c   0x1004a19c   0x00000014   Code   RO         4556    i.RadioReadBuffer   radio.o
    0x1004a1b0   0x1004a1b0   0x0000000a   Code   RO         4558    i.RadioRssi         radio.o
    0x1004a1ba   0x1004a1ba   0x00000002   PAD
    0x1004a1bc   0x1004a1bc   0x00000078   Code   RO         4559    i.RadioRx           radio.o
    0x1004a234   0x1004a234   0x00000074   Code   RO         4560    i.RadioRxBoosted    radio.o
    0x1004a2a8   0x1004a2a8   0x00000058   Code   RO         4561    i.RadioSend         radio.o
    0x1004a300   0x1004a300   0x0000000c   Code   RO         4562    i.RadioSetChannel   radio.o
    0x1004a30c   0x1004a30c   0x00000038   Code   RO         4563    i.RadioSetMaxPayloadLength  radio.o
    0x1004a344   0x1004a344   0x00000048   Code   RO         4564    i.RadioSetModem     radio.o
    0x1004a38c   0x1004a38c   0x00000044   Code   RO         4565    i.RadioSetPublicNetwork  radio.o
    0x1004a3d0   0x1004a3d0   0x000002f0   Code   RO         4566    i.RadioSetRxConfig  radio.o
    0x1004a6c0   0x1004a6c0   0x00000010   Code   RO         4567    i.RadioSetRxDutyCycle  radio.o
    0x1004a6d0   0x1004a6d0   0x000001e0   Code   RO         4568    i.RadioSetTxConfig  radio.o
    0x1004a8b0   0x1004a8b0   0x00000034   Code   RO         4569    i.RadioSetTxContinuousWave  radio.o
    0x1004a8e4   0x1004a8e4   0x00000020   Code   RO         4570    i.RadioSleep        radio.o
    0x1004a904   0x1004a904   0x0000000a   Code   RO         4571    i.RadioStandby      radio.o
    0x1004a90e   0x1004a90e   0x00000008   Code   RO         4572    i.RadioStartCad     radio.o
    0x1004a916   0x1004a916   0x00000002   PAD
    0x1004a918   0x1004a918   0x00000220   Code   RO         4573    i.RadioTimeOnAir    radio.o
    0x1004ab38   0x1004ab38   0x00000010   Code   RO         4575    i.RadioWrite        radio.o
    0x1004ab48   0x1004ab48   0x00000014   Code   RO         4576    i.RadioWriteBuffer  radio.o
    0x1004ab5c   0x1004ab5c   0x00000006   Code   RO         2582    i.RegionAS923AlternateDr  regionas923.o
    0x1004ab62   0x1004ab62   0x00000092   Code   RO         2583    i.RegionAS923ApplyCFList  regionas923.o
    0x1004abf4   0x1004abf4   0x00000044   Code   RO         2584    i.RegionAS923ApplyDrOffset  regionas923.o
    0x1004ac38   0x1004ac38   0x00000038   Code   RO         2585    i.RegionAS923CalcBackOff  regionas923.o
    0x1004ac70   0x1004ac70   0x00000038   Code   RO         2586    i.RegionAS923ChanMaskSet  regionas923.o
    0x1004aca8   0x1004aca8   0x000000c4   Code   RO         2587    i.RegionAS923ChannelAdd  regionas923.o
    0x1004ad6c   0x1004ad6c   0x00000038   Code   RO         2588    i.RegionAS923ChannelsRemove  regionas923.o
    0x1004ada4   0x1004ada4   0x00000084   Code   RO         2589    i.RegionAS923ComputeRxWindowParameters  regionas923.o
    0x1004ae28   0x1004ae28   0x00000040   Code   RO         2590    i.RegionAS923DlChannelReq  regionas923.o
    0x1004ae68   0x1004ae68   0x00000010   Code   RO         2591    i.RegionAS923GetNvmCtx  regionas923.o
    0x1004ae78   0x1004ae78   0x000001c4   Code   RO         2592    i.RegionAS923GetPhyParam  regionas923.o
    0x1004b03c   0x1004b03c   0x000000cc   Code   RO         2593    i.RegionAS923InitDefaults  regionas923.o
    0x1004b108   0x1004b108   0x00000174   Code   RO         2594    i.RegionAS923LinkAdrReq  regionas923.o
    0x1004b27c   0x1004b27c   0x00000064   Code   RO         2595    i.RegionAS923NewChannelReq  regionas923.o
    0x1004b2e0   0x1004b2e0   0x00000134   Code   RO         2596    i.RegionAS923NextChannel  regionas923.o
    0x1004b414   0x1004b414   0x00000144   Code   RO         2598    i.RegionAS923RxConfig  regionas923.o
    0x1004b558   0x1004b558   0x00000040   Code   RO         2599    i.RegionAS923RxParamSetupReq  regionas923.o
    0x1004b598   0x1004b598   0x00000028   Code   RO         2600    i.RegionAS923SetBandTxDone  regionas923.o
    0x1004b5c0   0x1004b5c0   0x0000005c   Code   RO         2601    i.RegionAS923SetContinuousWave  regionas923.o
    0x1004b61c   0x1004b61c   0x00000134   Code   RO         2602    i.RegionAS923TxConfig  regionas923.o
    0x1004b750   0x1004b750   0x00000006   Code   RO         2603    i.RegionAS923TxParamSetupReq  regionas923.o
    0x1004b756   0x1004b756   0x000000d2   Code   RO         2604    i.RegionAS923Verify  regionas923.o
    0x1004b828   0x1004b828   0x00000030   Code   RO         2768    i.RegionAU915AlternateDr  regionau915.o
    0x1004b858   0x1004b858   0x00000074   Code   RO         2769    i.RegionAU915ApplyCFList  regionau915.o
    0x1004b8cc   0x1004b8cc   0x00000024   Code   RO         2770    i.RegionAU915ApplyDrOffset  regionau915.o
    0x1004b8f0   0x1004b8f0   0x0000003c   Code   RO         2771    i.RegionAU915CalcBackOff  regionau915.o
    0x1004b92c   0x1004b92c   0x0000006c   Code   RO         2772    i.RegionAU915ChanMaskSet  regionau915.o
    0x1004b998   0x1004b998   0x0000006c   Code   RO         2775    i.RegionAU915ComputeRxWindowParameters  regionau915.o
    0x1004ba04   0x1004ba04   0x00000006   Code   RO         2776    i.RegionAU915DlChannelReq  regionau915.o
    0x1004ba0a   0x1004ba0a   0x00000002   PAD
    0x1004ba0c   0x1004ba0c   0x00000010   Code   RO         2777    i.RegionAU915GetNvmCtx  regionau915.o
    0x1004ba1c   0x1004ba1c   0x000001d4   Code   RO         2778    i.RegionAU915GetPhyParam  regionau915.o
    0x1004bbf0   0x1004bbf0   0x00000128   Code   RO         2779    i.RegionAU915InitDefaults  regionau915.o
    0x1004bd18   0x1004bd18   0x0000028c   Code   RO         2780    i.RegionAU915LinkAdrReq  regionau915.o
    0x1004bfa4   0x1004bfa4   0x00000006   Code   RO         2781    i.RegionAU915NewChannelReq  regionau915.o
    0x1004bfaa   0x1004bfaa   0x00000002   PAD
    0x1004bfac   0x1004bfac   0x000000f4   Code   RO         2782    i.RegionAU915NextChannel  regionau915.o
    0x1004c0a0   0x1004c0a0   0x000000c0   Code   RO         2784    i.RegionAU915RxConfig  regionau915.o
    0x1004c160   0x1004c160   0x00000052   Code   RO         2785    i.RegionAU915RxParamSetupReq  regionau915.o
    0x1004c1b2   0x1004c1b2   0x00000002   PAD
    0x1004c1b4   0x1004c1b4   0x00000028   Code   RO         2786    i.RegionAU915SetBandTxDone  regionau915.o
    0x1004c1dc   0x1004c1dc   0x00000060   Code   RO         2787    i.RegionAU915SetContinuousWave  regionau915.o
    0x1004c23c   0x1004c23c   0x000000c4   Code   RO         2788    i.RegionAU915TxConfig  regionau915.o
    0x1004c300   0x1004c300   0x00000006   Code   RO         2789    i.RegionAU915TxParamSetupReq  regionau915.o
    0x1004c306   0x1004c306   0x000000bc   Code   RO         2790    i.RegionAU915Verify  regionau915.o
    0x1004c3c2   0x1004c3c2   0x00000002   PAD
    0x1004c3c4   0x1004c3c4   0x00000084   Code   RO         2388    i.RegionAlternateDr  region.o
    0x1004c448   0x1004c448   0x00000074   Code   RO         2389    i.RegionApplyCFList  region.o
    0x1004c4bc   0x1004c4bc   0x00000098   Code   RO         2390    i.RegionApplyDrOffset  region.o
    0x1004c554   0x1004c554   0x00000002   Code   RO         2952    i.RegionCN470AlternateDr  regioncn470.o
    0x1004c556   0x1004c556   0x00000002   PAD
    0x1004c558   0x1004c558   0x00000050   Code   RO         2953    i.RegionCN470ApplyCFList  regioncn470.o
    0x1004c5a8   0x1004c5a8   0x00000012   Code   RO         2954    i.RegionCN470ApplyDrOffset  regioncn470.o
    0x1004c5ba   0x1004c5ba   0x00000002   PAD
    0x1004c5bc   0x1004c5bc   0x0000003c   Code   RO         2955    i.RegionCN470CalcBackOff  regioncn470.o
    0x1004c5f8   0x1004c5f8   0x00000038   Code   RO         2956    i.RegionCN470ChanMaskSet  regioncn470.o
    0x1004c630   0x1004c630   0x0000006c   Code   RO         2959    i.RegionCN470ComputeRxWindowParameters  regioncn470.o
    0x1004c69c   0x1004c69c   0x00000006   Code   RO         2960    i.RegionCN470DlChannelReq  regioncn470.o
    0x1004c6a2   0x1004c6a2   0x00000002   PAD
    0x1004c6a4   0x1004c6a4   0x00000010   Code   RO         2961    i.RegionCN470GetNvmCtx  regioncn470.o
    0x1004c6b4   0x1004c6b4   0x00000178   Code   RO         2962    i.RegionCN470GetPhyParam  regioncn470.o
    0x1004c82c   0x1004c82c   0x000000c4   Code   RO         2963    i.RegionCN470InitDefaults  regioncn470.o
    0x1004c8f0   0x1004c8f0   0x0000015c   Code   RO         2964    i.RegionCN470LinkAdrReq  regioncn470.o
    0x1004ca4c   0x1004ca4c   0x00000006   Code   RO         2965    i.RegionCN470NewChannelReq  regioncn470.o
    0x1004ca52   0x1004ca52   0x00000002   PAD
    0x1004ca54   0x1004ca54   0x000000dc   Code   RO         2966    i.RegionCN470NextChannel  regioncn470.o
    0x1004cb30   0x1004cb30   0x000000e0   Code   RO         2968    i.RegionCN470RxConfig  regioncn470.o
    0x1004cc10   0x1004cc10   0x00000040   Code   RO         2969    i.RegionCN470RxParamSetupReq  regioncn470.o
    0x1004cc50   0x1004cc50   0x00000028   Code   RO         2970    i.RegionCN470SetBandTxDone  regioncn470.o
    0x1004cc78   0x1004cc78   0x00000060   Code   RO         2971    i.RegionCN470SetContinuousWave  regioncn470.o
    0x1004ccd8   0x1004ccd8   0x000000e8   Code   RO         2972    i.RegionCN470TxConfig  regioncn470.o
    0x1004cdc0   0x1004cdc0   0x00000008   Code   RO         2973    i.RegionCN470TxParamSetupReq  regioncn470.o
    0x1004cdc8   0x1004cdc8   0x00000084   Code   RO         2974    i.RegionCN470Verify  regioncn470.o
    0x1004ce4c   0x1004ce4c   0x00000002   Code   RO         3135    i.RegionCN779AlternateDr  regioncn779.o
    0x1004ce4e   0x1004ce4e   0x00000092   Code   RO         3136    i.RegionCN779ApplyCFList  regioncn779.o
    0x1004cee0   0x1004cee0   0x00000012   Code   RO         3137    i.RegionCN779ApplyDrOffset  regioncn779.o
    0x1004cef2   0x1004cef2   0x00000002   PAD
    0x1004cef4   0x1004cef4   0x00000038   Code   RO         3138    i.RegionCN779CalcBackOff  regioncn779.o
    0x1004cf2c   0x1004cf2c   0x00000038   Code   RO         3139    i.RegionCN779ChanMaskSet  regioncn779.o
    0x1004cf64   0x1004cf64   0x000000c4   Code   RO         3140    i.RegionCN779ChannelAdd  regioncn779.o
    0x1004d028   0x1004d028   0x00000038   Code   RO         3141    i.RegionCN779ChannelsRemove  regioncn779.o
    0x1004d060   0x1004d060   0x00000084   Code   RO         3142    i.RegionCN779ComputeRxWindowParameters  regioncn779.o
    0x1004d0e4   0x1004d0e4   0x00000040   Code   RO         3143    i.RegionCN779DlChannelReq  regioncn779.o
    0x1004d124   0x1004d124   0x00000010   Code   RO         3144    i.RegionCN779GetNvmCtx  regioncn779.o
    0x1004d134   0x1004d134   0x00000170   Code   RO         3145    i.RegionCN779GetPhyParam  regioncn779.o
    0x1004d2a4   0x1004d2a4   0x000000f8   Code   RO         3146    i.RegionCN779InitDefaults  regioncn779.o
    0x1004d39c   0x1004d39c   0x00000174   Code   RO         3147    i.RegionCN779LinkAdrReq  regioncn779.o
    0x1004d510   0x1004d510   0x00000064   Code   RO         3148    i.RegionCN779NewChannelReq  regioncn779.o
    0x1004d574   0x1004d574   0x000000e0   Code   RO         3149    i.RegionCN779NextChannel  regioncn779.o
    0x1004d654   0x1004d654   0x00000144   Code   RO         3151    i.RegionCN779RxConfig  regioncn779.o
    0x1004d798   0x1004d798   0x00000040   Code   RO         3152    i.RegionCN779RxParamSetupReq  regioncn779.o
    0x1004d7d8   0x1004d7d8   0x00000028   Code   RO         3153    i.RegionCN779SetBandTxDone  regioncn779.o
    0x1004d800   0x1004d800   0x0000005c   Code   RO         3154    i.RegionCN779SetContinuousWave  regioncn779.o
    0x1004d85c   0x1004d85c   0x00000134   Code   RO         3155    i.RegionCN779TxConfig  regioncn779.o
    0x1004d990   0x1004d990   0x00000008   Code   RO         3156    i.RegionCN779TxParamSetupReq  regioncn779.o
    0x1004d998   0x1004d998   0x0000009a   Code   RO         3157    i.RegionCN779Verify  regioncn779.o
    0x1004da32   0x1004da32   0x00000002   PAD
    0x1004da34   0x1004da34   0x00000074   Code   RO         2391    i.RegionCalcBackOff  region.o
    0x1004daa8   0x1004daa8   0x00000070   Code   RO         2392    i.RegionChanMaskSet  region.o
    0x1004db18   0x1004db18   0x00000088   Code   RO         3315    i.RegionCommonCalcBackOff  regioncommon.o
    0x1004dba0   0x1004dba0   0x00000044   Code   RO         3316    i.RegionCommonChanDisable  regioncommon.o
    0x1004dbe4   0x1004dbe4   0x00000022   Code   RO         3317    i.RegionCommonChanMaskCopy  regioncommon.o
    0x1004dc06   0x1004dc06   0x00000080   Code   RO         3318    i.RegionCommonChanVerifyDr  regioncommon.o
    0x1004dc86   0x1004dc86   0x00000002   PAD
    0x1004dc88   0x1004dc88   0x00000118   Code   RO         3319    i.RegionCommonComputeRxWindowParameters  regioncommon.o
    0x1004dda0   0x1004dda0   0x00000020   Code   RO         3320    i.RegionCommonComputeSymbolTimeFsk  regioncommon.o
    0x1004ddc0   0x1004ddc0   0x0000003c   Code   RO         3321    i.RegionCommonComputeSymbolTimeLoRa  regioncommon.o
    0x1004ddfc   0x1004ddfc   0x00000042   Code   RO         3322    i.RegionCommonComputeTxPower  regioncommon.o
    0x1004de3e   0x1004de3e   0x00000034   Code   RO         3323    i.RegionCommonCountChannels  regioncommon.o
    0x1004de72   0x1004de72   0x00000002   PAD
    0x1004de74   0x1004de74   0x0000002c   Code   RO         3324    i.RegionCommonGetJoinDc  regioncommon.o
    0x1004dea0   0x1004dea0   0x00000104   Code   RO         3325    i.RegionCommonLinkAdrReqVerifyParams  regioncommon.o
    0x1004dfa4   0x1004dfa4   0x00000048   Code   RO         3326    i.RegionCommonParseLinkAdrReq  regioncommon.o
    0x1004dfec   0x1004dfec   0x0000000e   Code   RO         3328    i.RegionCommonSetBandTxDone  regioncommon.o
    0x1004dffa   0x1004dffa   0x000000f8   Code   RO         3329    i.RegionCommonUpdateBandTimeOff  regioncommon.o
    0x1004e0f2   0x1004e0f2   0x00000012   Code   RO         3330    i.RegionCommonValueInRange  regioncommon.o
    0x1004e104   0x1004e104   0x000000ac   Code   RO         2395    i.RegionComputeRxWindowParameters  region.o
    0x1004e1b0   0x1004e1b0   0x00000070   Code   RO         2396    i.RegionDlChannelReq  region.o
    0x1004e220   0x1004e220   0x00000002   Code   RO         3435    i.RegionEU433AlternateDr  regioneu433.o
    0x1004e222   0x1004e222   0x00000092   Code   RO         3436    i.RegionEU433ApplyCFList  regioneu433.o
    0x1004e2b4   0x1004e2b4   0x00000012   Code   RO         3437    i.RegionEU433ApplyDrOffset  regioneu433.o
    0x1004e2c6   0x1004e2c6   0x00000002   PAD
    0x1004e2c8   0x1004e2c8   0x00000038   Code   RO         3438    i.RegionEU433CalcBackOff  regioneu433.o
    0x1004e300   0x1004e300   0x00000038   Code   RO         3439    i.RegionEU433ChanMaskSet  regioneu433.o
    0x1004e338   0x1004e338   0x000000c4   Code   RO         3440    i.RegionEU433ChannelAdd  regioneu433.o
    0x1004e3fc   0x1004e3fc   0x00000038   Code   RO         3441    i.RegionEU433ChannelsRemove  regioneu433.o
    0x1004e434   0x1004e434   0x00000084   Code   RO         3442    i.RegionEU433ComputeRxWindowParameters  regioneu433.o
    0x1004e4b8   0x1004e4b8   0x00000040   Code   RO         3443    i.RegionEU433DlChannelReq  regioneu433.o
    0x1004e4f8   0x1004e4f8   0x00000010   Code   RO         3444    i.RegionEU433GetNvmCtx  regioneu433.o
    0x1004e508   0x1004e508   0x0000016c   Code   RO         3445    i.RegionEU433GetPhyParam  regioneu433.o
    0x1004e674   0x1004e674   0x000000f8   Code   RO         3446    i.RegionEU433InitDefaults  regioneu433.o
    0x1004e76c   0x1004e76c   0x00000174   Code   RO         3447    i.RegionEU433LinkAdrReq  regioneu433.o
    0x1004e8e0   0x1004e8e0   0x00000064   Code   RO         3448    i.RegionEU433NewChannelReq  regioneu433.o
    0x1004e944   0x1004e944   0x000000e0   Code   RO         3449    i.RegionEU433NextChannel  regioneu433.o
    0x1004ea24   0x1004ea24   0x00000144   Code   RO         3451    i.RegionEU433RxConfig  regioneu433.o
    0x1004eb68   0x1004eb68   0x00000040   Code   RO         3452    i.RegionEU433RxParamSetupReq  regioneu433.o
    0x1004eba8   0x1004eba8   0x00000028   Code   RO         3453    i.RegionEU433SetBandTxDone  regioneu433.o
    0x1004ebd0   0x1004ebd0   0x0000005c   Code   RO         3454    i.RegionEU433SetContinuousWave  regioneu433.o
    0x1004ec2c   0x1004ec2c   0x00000134   Code   RO         3455    i.RegionEU433TxConfig  regioneu433.o
    0x1004ed60   0x1004ed60   0x00000008   Code   RO         3456    i.RegionEU433TxParamSetupReq  regioneu433.o
    0x1004ed68   0x1004ed68   0x0000009a   Code   RO         3457    i.RegionEU433Verify  regioneu433.o
    0x1004ee02   0x1004ee02   0x00000002   Code   RO         3618    i.RegionEU868AlternateDr  regioneu868.o
    0x1004ee04   0x1004ee04   0x00000092   Code   RO         3619    i.RegionEU868ApplyCFList  regioneu868.o
    0x1004ee96   0x1004ee96   0x00000012   Code   RO         3620    i.RegionEU868ApplyDrOffset  regioneu868.o
    0x1004eea8   0x1004eea8   0x00000038   Code   RO         3621    i.RegionEU868CalcBackOff  regioneu868.o
    0x1004eee0   0x1004eee0   0x00000038   Code   RO         3622    i.RegionEU868ChanMaskSet  regioneu868.o
    0x1004ef18   0x1004ef18   0x000000cc   Code   RO         3623    i.RegionEU868ChannelAdd  regioneu868.o
    0x1004efe4   0x1004efe4   0x00000038   Code   RO         3624    i.RegionEU868ChannelsRemove  regioneu868.o
    0x1004f01c   0x1004f01c   0x00000084   Code   RO         3625    i.RegionEU868ComputeRxWindowParameters  regioneu868.o
    0x1004f0a0   0x1004f0a0   0x00000048   Code   RO         3626    i.RegionEU868DlChannelReq  regioneu868.o
    0x1004f0e8   0x1004f0e8   0x00000010   Code   RO         3627    i.RegionEU868GetNvmCtx  regioneu868.o
    0x1004f0f8   0x1004f0f8   0x0000016c   Code   RO         3628    i.RegionEU868GetPhyParam  regioneu868.o
    0x1004f264   0x1004f264   0x0000010c   Code   RO         3629    i.RegionEU868InitDefaults  regioneu868.o
    0x1004f370   0x1004f370   0x000001c4   Code   RO         3630    i.RegionEU868LinkAdrReq  regioneu868.o
    0x1004f534   0x1004f534   0x00000064   Code   RO         3631    i.RegionEU868NewChannelReq  regioneu868.o
    0x1004f598   0x1004f598   0x00000100   Code   RO         3632    i.RegionEU868NextChannel  regioneu868.o
    0x1004f698   0x1004f698   0x00000114   Code   RO         3634    i.RegionEU868RxConfig  regioneu868.o
    0x1004f7ac   0x1004f7ac   0x00000046   Code   RO         3635    i.RegionEU868RxParamSetupReq  regioneu868.o
    0x1004f7f2   0x1004f7f2   0x00000002   PAD
    0x1004f7f4   0x1004f7f4   0x00000028   Code   RO         3636    i.RegionEU868SetBandTxDone  regioneu868.o
    0x1004f81c   0x1004f81c   0x00000060   Code   RO         3637    i.RegionEU868SetContinuousWave  regioneu868.o
    0x1004f87c   0x1004f87c   0x00000108   Code   RO         3638    i.RegionEU868TxConfig  regioneu868.o
    0x1004f984   0x1004f984   0x00000008   Code   RO         3639    i.RegionEU868TxParamSetupReq  regioneu868.o
    0x1004f98c   0x1004f98c   0x000000a0   Code   RO         3640    i.RegionEU868Verify  regioneu868.o
    0x1004fa2c   0x1004fa2c   0x00000070   Code   RO         2397    i.RegionGetNvmCtx   region.o
    0x1004fa9c   0x1004fa9c   0x0000008c   Code   RO         2398    i.RegionGetPhyParam  region.o
    0x1004fb28   0x1004fb28   0x00000074   Code   RO         2399    i.RegionInitDefaults  region.o
    0x1004fb9c   0x1004fb9c   0x0000004c   Code   RO         2400    i.RegionIsActive    region.o
    0x1004fbe8   0x1004fbe8   0x00000002   Code   RO         3985    i.RegionKR920AlternateDr  regionkr920.o
    0x1004fbea   0x1004fbea   0x00000092   Code   RO         3986    i.RegionKR920ApplyCFList  regionkr920.o
    0x1004fc7c   0x1004fc7c   0x00000012   Code   RO         3987    i.RegionKR920ApplyDrOffset  regionkr920.o
    0x1004fc8e   0x1004fc8e   0x00000002   PAD
    0x1004fc90   0x1004fc90   0x00000038   Code   RO         3988    i.RegionKR920CalcBackOff  regionkr920.o
    0x1004fcc8   0x1004fcc8   0x00000038   Code   RO         3989    i.RegionKR920ChanMaskSet  regionkr920.o
    0x1004fd00   0x1004fd00   0x000000c4   Code   RO         3990    i.RegionKR920ChannelAdd  regionkr920.o
    0x1004fdc4   0x1004fdc4   0x00000038   Code   RO         3991    i.RegionKR920ChannelsRemove  regionkr920.o
    0x1004fdfc   0x1004fdfc   0x0000006c   Code   RO         3992    i.RegionKR920ComputeRxWindowParameters  regionkr920.o
    0x1004fe68   0x1004fe68   0x00000040   Code   RO         3993    i.RegionKR920DlChannelReq  regionkr920.o
    0x1004fea8   0x1004fea8   0x00000010   Code   RO         3994    i.RegionKR920GetNvmCtx  regionkr920.o
    0x1004feb8   0x1004feb8   0x00000170   Code   RO         3995    i.RegionKR920GetPhyParam  regionkr920.o
    0x10050028   0x10050028   0x000000f8   Code   RO         3996    i.RegionKR920InitDefaults  regionkr920.o
    0x10050120   0x10050120   0x00000174   Code   RO         3997    i.RegionKR920LinkAdrReq  regionkr920.o
    0x10050294   0x10050294   0x00000064   Code   RO         3998    i.RegionKR920NewChannelReq  regionkr920.o
    0x100502f8   0x100502f8   0x00000134   Code   RO         3999    i.RegionKR920NextChannel  regionkr920.o
    0x1005042c   0x1005042c   0x000000e0   Code   RO         4001    i.RegionKR920RxConfig  regionkr920.o
    0x1005050c   0x1005050c   0x00000040   Code   RO         4002    i.RegionKR920RxParamSetupReq  regionkr920.o
    0x1005054c   0x1005054c   0x00000028   Code   RO         4003    i.RegionKR920SetBandTxDone  regionkr920.o
    0x10050574   0x10050574   0x00000088   Code   RO         4004    i.RegionKR920SetContinuousWave  regionkr920.o
    0x100505fc   0x100505fc   0x00000118   Code   RO         4005    i.RegionKR920TxConfig  regionkr920.o
    0x10050714   0x10050714   0x00000008   Code   RO         4006    i.RegionKR920TxParamSetupReq  regionkr920.o
    0x1005071c   0x1005071c   0x0000009a   Code   RO         4007    i.RegionKR920Verify  regionkr920.o
    0x100507b6   0x100507b6   0x00000002   PAD
    0x100507b8   0x100507b8   0x000000c0   Code   RO         2401    i.RegionLinkAdrReq  region.o
    0x10050878   0x10050878   0x00000070   Code   RO         2402    i.RegionNewChannelReq  region.o
    0x100508e8   0x100508e8   0x000000ac   Code   RO         2403    i.RegionNextChannel  region.o
    0x10050994   0x10050994   0x00000002   Code   RO         4172    i.RegionRU864AlternateDr  regionru864.o
    0x10050996   0x10050996   0x00000092   Code   RO         4173    i.RegionRU864ApplyCFList  regionru864.o
    0x10050a28   0x10050a28   0x00000012   Code   RO         4174    i.RegionRU864ApplyDrOffset  regionru864.o
    0x10050a3a   0x10050a3a   0x00000002   PAD
    0x10050a3c   0x10050a3c   0x00000038   Code   RO         4175    i.RegionRU864CalcBackOff  regionru864.o
    0x10050a74   0x10050a74   0x00000038   Code   RO         4176    i.RegionRU864ChanMaskSet  regionru864.o
    0x10050aac   0x10050aac   0x000000c4   Code   RO         4177    i.RegionRU864ChannelAdd  regionru864.o
    0x10050b70   0x10050b70   0x00000038   Code   RO         4178    i.RegionRU864ChannelsRemove  regionru864.o
    0x10050ba8   0x10050ba8   0x00000084   Code   RO         4179    i.RegionRU864ComputeRxWindowParameters  regionru864.o
    0x10050c2c   0x10050c2c   0x00000040   Code   RO         4180    i.RegionRU864DlChannelReq  regionru864.o
    0x10050c6c   0x10050c6c   0x00000010   Code   RO         4181    i.RegionRU864GetNvmCtx  regionru864.o
    0x10050c7c   0x10050c7c   0x00000164   Code   RO         4182    i.RegionRU864GetPhyParam  regionru864.o
    0x10050de0   0x10050de0   0x000000d4   Code   RO         4183    i.RegionRU864InitDefaults  regionru864.o
    0x10050eb4   0x10050eb4   0x00000174   Code   RO         4184    i.RegionRU864LinkAdrReq  regionru864.o
    0x10051028   0x10051028   0x00000064   Code   RO         4185    i.RegionRU864NewChannelReq  regionru864.o
    0x1005108c   0x1005108c   0x000000dc   Code   RO         4186    i.RegionRU864NextChannel  regionru864.o
    0x10051168   0x10051168   0x00000144   Code   RO         4188    i.RegionRU864RxConfig  regionru864.o
    0x100512ac   0x100512ac   0x00000040   Code   RO         4189    i.RegionRU864RxParamSetupReq  regionru864.o
    0x100512ec   0x100512ec   0x00000028   Code   RO         4190    i.RegionRU864SetBandTxDone  regionru864.o
    0x10051314   0x10051314   0x0000005c   Code   RO         4191    i.RegionRU864SetContinuousWave  regionru864.o
    0x10051370   0x10051370   0x00000134   Code   RO         4192    i.RegionRU864TxConfig  regionru864.o
    0x100514a4   0x100514a4   0x00000008   Code   RO         4193    i.RegionRU864TxParamSetupReq  regionru864.o
    0x100514ac   0x100514ac   0x0000009a   Code   RO         4194    i.RegionRU864Verify  regionru864.o
    0x10051546   0x10051546   0x00000002   PAD
    0x10051548   0x10051548   0x00000084   Code   RO         2405    i.RegionRxConfig    region.o
    0x100515cc   0x100515cc   0x00000070   Code   RO         2406    i.RegionRxParamSetupReq  region.o
    0x1005163c   0x1005163c   0x00000074   Code   RO         2407    i.RegionSetBandTxDone  region.o
    0x100516b0   0x100516b0   0x00000074   Code   RO         2408    i.RegionSetContinuousWave  region.o
    0x10051724   0x10051724   0x00000098   Code   RO         2409    i.RegionTxConfig    region.o
    0x100517bc   0x100517bc   0x00000070   Code   RO         2410    i.RegionTxParamSetupReq  region.o
    0x1005182c   0x1005182c   0x0000003c   Code   RO         4357    i.RegionUS915AlternateDr  regionus915.o
    0x10051868   0x10051868   0x00000074   Code   RO         4358    i.RegionUS915ApplyCFList  regionus915.o
    0x100518dc   0x100518dc   0x0000001c   Code   RO         4359    i.RegionUS915ApplyDrOffset  regionus915.o
    0x100518f8   0x100518f8   0x0000003c   Code   RO         4360    i.RegionUS915CalcBackOff  regionus915.o
    0x10051934   0x10051934   0x00000084   Code   RO         4361    i.RegionUS915ChanMaskSet  regionus915.o
    0x100519b8   0x100519b8   0x0000006c   Code   RO         4364    i.RegionUS915ComputeRxWindowParameters  regionus915.o
    0x10051a24   0x10051a24   0x00000006   Code   RO         4365    i.RegionUS915DlChannelReq  regionus915.o
    0x10051a2a   0x10051a2a   0x00000002   PAD
    0x10051a2c   0x10051a2c   0x00000010   Code   RO         4366    i.RegionUS915GetNvmCtx  regionus915.o
    0x10051a3c   0x10051a3c   0x00000178   Code   RO         4367    i.RegionUS915GetPhyParam  regionus915.o
    0x10051bb4   0x10051bb4   0x00000134   Code   RO         4368    i.RegionUS915InitDefaults  regionus915.o
    0x10051ce8   0x10051ce8   0x000002a8   Code   RO         4369    i.RegionUS915LinkAdrReq  regionus915.o
    0x10051f90   0x10051f90   0x00000006   Code   RO         4370    i.RegionUS915NewChannelReq  regionus915.o
    0x10051f96   0x10051f96   0x00000002   PAD
    0x10051f98   0x10051f98   0x0000013c   Code   RO         4371    i.RegionUS915NextChannel  regionus915.o
    0x100520d4   0x100520d4   0x000000c8   Code   RO         4373    i.RegionUS915RxConfig  regionus915.o
    0x1005219c   0x1005219c   0x0000005c   Code   RO         4374    i.RegionUS915RxParamSetupReq  regionus915.o
    0x100521f8   0x100521f8   0x00000028   Code   RO         4375    i.RegionUS915SetBandTxDone  regionus915.o
    0x10052220   0x10052220   0x00000064   Code   RO         4376    i.RegionUS915SetContinuousWave  regionus915.o
    0x10052284   0x10052284   0x000000cc   Code   RO         4377    i.RegionUS915TxConfig  regionus915.o
    0x10052350   0x10052350   0x00000008   Code   RO         4378    i.RegionUS915TxParamSetupReq  regionus915.o
    0x10052358   0x10052358   0x0000009a   Code   RO         4379    i.RegionUS915Verify  regionus915.o
    0x100523f2   0x100523f2   0x00000002   PAD
    0x100523f4   0x100523f4   0x00000084   Code   RO         2411    i.RegionVerify      region.o
    0x10052478   0x10052478   0x0000002a   Code   RO         1267    i.RemoveMacCommands  loramac.o
    0x100524a2   0x100524a2   0x00000002   PAD
    0x100524a4   0x100524a4   0x00000054   Code   RO         2172    i.ResetFCnts        loramaccrypto.o
    0x100524f8   0x100524f8   0x00000128   Code   RO         1268    i.ResetMacParameters  loramac.o
    0x10052620   0x10052620   0x00000098   Code   RO         1269    i.RestoreCtxs       loramac.o
    0x100526b8   0x100526b8   0x00000044   Code   RO         1270    i.RxWindowSetup     loramac.o
    0x100526fc   0x100526fc   0x00000010   Code   RO          644    i.SPI1_IRQHandler   bluenrg_lp_it.o
    0x1005270c   0x1005270c   0x00000002   Code   RO         7907    i.SPI2_IRQHandler   system_bluenrg_lp.o
    0x1005270e   0x1005270e   0x00000002   Code   RO         7908    i.SPI3_IRQHandler   system_bluenrg_lp.o
    0x10052710   0x10052710   0x00000018   Code   RO         6454    i.SPI_DMAAbortOnError  rf_driver_hal_spi.o
    0x10052728   0x10052728   0x0000006a   Code   RO         6465    i.SPI_EndRxTxTransaction  rf_driver_hal_spi.o
    0x10052792   0x10052792   0x000000ae   Code   RO         6472    i.SPI_WaitFifoStateUntilTimeout  rf_driver_hal_spi.o
    0x10052840   0x10052840   0x000000a8   Code   RO         6473    i.SPI_WaitFlagStateUntilTimeout  rf_driver_hal_spi.o
    0x100528e8   0x100528e8   0x00000002   Code   RO          645    i.SVC_IRQHandler    bluenrg_lp_it.o
    0x100528ea   0x100528ea   0x00000002   PAD
    0x100528ec   0x100528ec   0x00000014   Code   RO         5075    i.SX126xAntSwOff    sx1262_interface.o
    0x10052900   0x10052900   0x00000014   Code   RO         5076    i.SX126xAntSwOn     sx1262_interface.o
    0x10052914   0x10052914   0x00000004   Code   RO         5077    i.SX126xBoardIsTcxoPresent  sx1262_interface.o
    0x10052918   0x10052918   0x00000060   Code   RO         4770    i.SX126xCalibrate   sx126x.o
    0x10052978   0x10052978   0x0000007c   Code   RO         4771    i.SX126xCalibrateImage  sx126x.o
    0x100529f4   0x100529f4   0x00000020   Code   RO         4772    i.SX126xCheckDeviceReady  sx126x.o
    0x10052a14   0x10052a14   0x0000001a   Code   RO         4774    i.SX126xClearIrqStatus  sx126x.o
    0x10052a2e   0x10052a2e   0x00000004   Code   RO         5079    i.SX126xGetBoardTcxoWakeupTime  sx1262_interface.o
    0x10052a32   0x10052a32   0x00000018   Code   RO         4776    i.SX126xGetIrqStatus  sx126x.o
    0x10052a4a   0x10052a4a   0x00000002   PAD
    0x10052a4c   0x10052a4c   0x0000000c   Code   RO         4777    i.SX126xGetOperatingMode  sx126x.o
    0x10052a58   0x10052a58   0x00000006   Code   RO         5080    i.SX126xGetPaSelect  sx1262_interface.o
    0x10052a5e   0x10052a5e   0x00000002   PAD
    0x10052a60   0x10052a60   0x0000008c   Code   RO         4778    i.SX126xGetPacketStatus  sx126x.o
    0x10052aec   0x10052aec   0x0000000c   Code   RO         4779    i.SX126xGetPacketType  sx126x.o
    0x10052af8   0x10052af8   0x0000002e   Code   RO         4780    i.SX126xGetPayload  sx126x.o
    0x10052b26   0x10052b26   0x0000001c   Code   RO         4782    i.SX126xGetRssiInst  sx126x.o
    0x10052b42   0x10052b42   0x00000002   PAD
    0x10052b44   0x10052b44   0x00000040   Code   RO         4783    i.SX126xGetRxBufferStatus  sx126x.o
    0x10052b84   0x10052b84   0x00000048   Code   RO         4785    i.SX126xInit        sx126x.o
    0x10052bcc   0x10052bcc   0x00000002   Code   RO         5081    i.SX126xIoDeInit    sx1262_interface.o
    0x10052bce   0x10052bce   0x00000002   Code   RO         5082    i.SX126xIoInit      sx1262_interface.o
    0x10052bd0   0x10052bd0   0x00000002   Code   RO         5083    i.SX126xIoIrqInit   sx1262_interface.o
    0x10052bd2   0x10052bd2   0x00000052   Code   RO         5084    i.SX126xReadBuffer  sx1262_interface.o
    0x10052c24   0x10052c24   0x00000056   Code   RO         5085    i.SX126xReadCommand  sx1262_interface.o
    0x10052c7a   0x10052c7a   0x00000014   Code   RO         5086    i.SX126xReadRegister  sx1262_interface.o
    0x10052c8e   0x10052c8e   0x0000005e   Code   RO         5087    i.SX126xReadRegisters  sx1262_interface.o
    0x10052cec   0x10052cec   0x00000050   Code   RO         5088    i.SX126xReset       sx1262_interface.o
    0x10052d3c   0x10052d3c   0x00000050   Code   RO         4786    i.SX126xSendPayload  sx126x.o
    0x10052d8c   0x10052d8c   0x00000018   Code   RO         4787    i.SX126xSetBufferBaseAddress  sx126x.o
    0x10052da4   0x10052da4   0x00000014   Code   RO         4788    i.SX126xSetCad      sx126x.o
    0x10052db8   0x10052db8   0x0000002c   Code   RO         4790    i.SX126xSetCrcPolynomial  sx126x.o
    0x10052de4   0x10052de4   0x0000002c   Code   RO         4791    i.SX126xSetCrcSeed  sx126x.o
    0x10052e10   0x10052e10   0x0000000e   Code   RO         4792    i.SX126xSetDio2AsRfSwitchCtrl  sx126x.o
    0x10052e1e   0x10052e1e   0x0000002c   Code   RO         4793    i.SX126xSetDio3AsTcxoCtrl  sx126x.o
    0x10052e4a   0x10052e4a   0x0000003e   Code   RO         4794    i.SX126xSetDioIrqParams  sx126x.o
    0x10052e88   0x10052e88   0x0000000e   Code   RO         4796    i.SX126xSetLoRaSymbNumTimeout  sx126x.o
    0x10052e96   0x10052e96   0x00000002   PAD
    0x10052e98   0x10052e98   0x0000010c   Code   RO         4797    i.SX126xSetModulationParams  sx126x.o
    0x10052fa4   0x10052fa4   0x0000000c   Code   RO         4798    i.SX126xSetOperatingMode  sx126x.o
    0x10052fb0   0x10052fb0   0x00000020   Code   RO         4799    i.SX126xSetPaConfig  sx126x.o
    0x10052fd0   0x10052fd0   0x000000dc   Code   RO         4800    i.SX126xSetPacketParams  sx126x.o
    0x100530ac   0x100530ac   0x0000001c   Code   RO         4801    i.SX126xSetPacketType  sx126x.o
    0x100530c8   0x100530c8   0x00000012   Code   RO         4802    i.SX126xSetPayload  sx126x.o
    0x100530da   0x100530da   0x0000000e   Code   RO         4803    i.SX126xSetRegulatorMode  sx126x.o
    0x100530e8   0x100530e8   0x000000a0   Code   RO         4804    i.SX126xSetRfFrequency  sx126x.o
    0x10053188   0x10053188   0x0000000e   Code   RO         5089    i.SX126xSetRfTxPower  sx1262_interface.o
    0x10053196   0x10053196   0x00000028   Code   RO         4805    i.SX126xSetRx       sx126x.o
    0x100531be   0x100531be   0x00000002   PAD
    0x100531c0   0x100531c0   0x00000034   Code   RO         4806    i.SX126xSetRxBoosted  sx126x.o
    0x100531f4   0x100531f4   0x0000003c   Code   RO         4807    i.SX126xSetRxDutyCycle  sx126x.o
    0x10053230   0x10053230   0x0000003c   Code   RO         4809    i.SX126xSetSleep    sx126x.o
    0x1005326c   0x1005326c   0x00000024   Code   RO         4810    i.SX126xSetStandby  sx126x.o
    0x10053290   0x10053290   0x0000000e   Code   RO         4811    i.SX126xSetStopRxTimerOnPreambleDetect  sx126x.o
    0x1005329e   0x1005329e   0x00000014   Code   RO         4812    i.SX126xSetSyncWord  sx126x.o
    0x100532b2   0x100532b2   0x00000028   Code   RO         4813    i.SX126xSetTx       sx126x.o
    0x100532da   0x100532da   0x0000000e   Code   RO         4814    i.SX126xSetTxContinuousWave  sx126x.o
    0x100532e8   0x100532e8   0x00000088   Code   RO         4816    i.SX126xSetTxParams  sx126x.o
    0x10053370   0x10053370   0x00000040   Code   RO         4817    i.SX126xSetWhiteningSeed  sx126x.o
    0x100533b0   0x100533b0   0x00000018   Code   RO         5090    i.SX126xWaitOnBusy  sx1262_interface.o
    0x100533c8   0x100533c8   0x0000002e   Code   RO         5091    i.SX126xWakeup      sx1262_interface.o
    0x100533f6   0x100533f6   0x0000004a   Code   RO         5092    i.SX126xWriteBuffer  sx1262_interface.o
    0x10053440   0x10053440   0x00000048   Code   RO         5093    i.SX126xWriteCommand  sx1262_interface.o
    0x10053488   0x10053488   0x00000010   Code   RO         5094    i.SX126xWriteRegister  sx1262_interface.o
    0x10053498   0x10053498   0x00000056   Code   RO         5095    i.SX126xWriteRegisters  sx1262_interface.o
    0x100534ee   0x100534ee   0x00000002   PAD
    0x100534f0   0x100534f0   0x00000220   Code   RO         1271    i.ScheduleTx        loramac.o
    0x10053710   0x10053710   0x00000080   Code   RO         1098    i.SecureElementAesEncrypt  soft-se.o
    0x10053790   0x10053790   0x00000026   Code   RO         1099    i.SecureElementComputeAesCmac  soft-se.o
    0x100537b6   0x100537b6   0x00000064   Code   RO         1100    i.SecureElementDeriveAndStoreKey  soft-se.o
    0x1005381a   0x1005381a   0x00000002   PAD
    0x1005381c   0x1005381c   0x00000010   Code   RO         1101    i.SecureElementGetNvmCtx  soft-se.o
    0x1005382c   0x1005382c   0x000001b0   Code   RO         1102    i.SecureElementInit  soft-se.o
    0x100539dc   0x100539dc   0x0000001c   Code   RO         1103    i.SecureElementRandomNumber  soft-se.o
    0x100539f8   0x100539f8   0x00000020   Code   RO         1104    i.SecureElementRestoreNvmCtx  soft-se.o
    0x10053a18   0x10053a18   0x00000098   Code   RO         1105    i.SecureElementSetKey  soft-se.o
    0x10053ab0   0x10053ab0   0x00000040   Code   RO         1106    i.SecureElementVerifyAesCmac  soft-se.o
    0x10053af0   0x10053af0   0x000000a4   Code   RO         1272    i.SecureFrame       loramac.o
    0x10053b94   0x10053b94   0x000001b8   Code   RO         1273    i.Send              loramac.o
    0x10053d4c   0x10053d4c   0x00000124   Code   RO         1274    i.SendFrameOnChannel  loramac.o
    0x10053e70   0x10053e70   0x00000078   Code   RO         1275    i.SendReJoinReq     loramac.o
    0x10053ee8   0x10053ee8   0x00000014   Code   RO         1276    i.SetMlmeScheduleUplinkIndication  loramac.o
    0x10053efc   0x10053efc   0x0000006c   Code   RO         1277    i.SetTxContinuousWave  loramac.o
    0x10053f68   0x10053f68   0x0000002c   Code   RO         1278    i.SetTxContinuousWave1  loramac.o
    0x10053f94   0x10053f94   0x000001b4   Code   RO         7910    i.SmpsTrimConfig    system_bluenrg_lp.o
    0x10054148   0x10054148   0x00000070   Code   RO         1279    i.StopRetransmission  loramac.o
    0x100541b8   0x100541b8   0x0000017c   Code   RO         1280    i.SwitchClass       loramac.o
    0x10054334   0x10054334   0x0000000c   Code   RO          646    i.SysTick_IRQHandler  bluenrg_lp_it.o
    0x10054340   0x10054340   0x00000052   Code   RO         5284    i.SysTimeAdd        systime.o
    0x10054392   0x10054392   0x00000044   Code   RO         5286    i.SysTimeGet        systime.o
    0x100543d6   0x100543d6   0x0000003a   Code   RO         5290    i.SysTimeSet        systime.o
    0x10054410   0x10054410   0x0000004e   Code   RO         5291    i.SysTimeSub        systime.o
    0x1005445e   0x1005445e   0x00000002   PAD
    0x10054460   0x10054460   0x000001c4   Code   RO         7912    i.SystemClockConfig  system_bluenrg_lp.o
    0x10054624   0x10054624   0x000000b8   Code   RO         7913    i.SystemInit        system_bluenrg_lp.o
    0x100546dc   0x100546dc   0x0000003c   Code   RO         7914    i.SystemTimer_TimeoutConfig  system_bluenrg_lp.o
    0x10054718   0x10054718   0x0000001c   Code   RO         7915    i.SystemTimer_TimeoutExpired  system_bluenrg_lp.o
    0x10054734   0x10054734   0x00000002   Code   RO         7916    i.TIM1_IRQHandler   system_bluenrg_lp.o
    0x10054736   0x10054736   0x00000002   PAD
    0x10054738   0x10054738   0x00000020   Code   RO         5392    i.TimerExists       timeserver.o
    0x10054758   0x10054758   0x00000010   Code   RO         5393    i.TimerGetCurrentTime  timeserver.o
    0x10054768   0x10054768   0x00000020   Code   RO         5394    i.TimerGetElapsedTime  timeserver.o
    0x10054788   0x10054788   0x00000012   Code   RO         5395    i.TimerInit         timeserver.o
    0x1005479a   0x1005479a   0x00000002   PAD
    0x1005479c   0x1005479c   0x00000024   Code   RO         5396    i.TimerInsertNewHeadTimer  timeserver.o
    0x100547c0   0x100547c0   0x00000034   Code   RO         5397    i.TimerInsertTimer  timeserver.o
    0x100547f4   0x100547f4   0x000000c8   Code   RO         5398    i.TimerIrqHandler   timeserver.o
    0x100548bc   0x100548bc   0x00000044   Code   RO         5402    i.TimerSetTimeout   timeserver.o
    0x10054900   0x10054900   0x00000028   Code   RO         5403    i.TimerSetValue     timeserver.o
    0x10054928   0x10054928   0x0000007c   Code   RO         5404    i.TimerStart        timeserver.o
    0x100549a4   0x100549a4   0x000000bc   Code   RO         5405    i.TimerStop         timeserver.o
    0x10054a60   0x10054a60   0x0000001e   Code   RO          855    i.TraceUpLinkFrame  lora.o
    0x10054a7e   0x10054a7e   0x00000002   PAD
    0x10054a80   0x10054a80   0x00000084   Code   RO         7323    i.UARTEx_SetNbDataToProcess  rf_driver_hal_uart_ex.o
    0x10054b04   0x10054b04   0x000000f0   Code   RO         6810    i.UART_AdvFeatureConfig  rf_driver_hal_uart.o
    0x10054bf4   0x10054bf4   0x00000074   Code   RO         6811    i.UART_CheckIdleState  rf_driver_hal_uart.o
    0x10054c68   0x10054c68   0x000003a0   Code   RO         6829    i.UART_SetConfig    rf_driver_hal_uart.o
    0x10055008   0x10055008   0x00000070   Code   RO         6834    i.UART_WaitOnFlagUntilTimeout  rf_driver_hal_uart.o
    0x10055078   0x10055078   0x00000002   Code   RO         7917    i.UPCONV_IRQHandler  system_bluenrg_lp.o
    0x1005507a   0x1005507a   0x00000002   Code   RO         7918    i.USART1_IRQHandler  system_bluenrg_lp.o
    0x1005507c   0x1005507c   0x00000060   Code   RO         2173    i.UpdateFCntDown    loramaccrypto.o
    0x100550dc   0x100550dc   0x00000020   Code   RO         1281    i.UpdateRxSlotIdleState  loramac.o
    0x100550fc   0x100550fc   0x0000002a   Code   RO         1282    i.ValidatePayloadLength  loramac.o
    0x10055126   0x10055126   0x00000078   Code   RO         2174    i.VerifyCmacB0      loramaccrypto.o
    0x1005519e   0x1005519e   0x00000002   PAD
    0x100551a0   0x100551a0   0x00000034   Code   RO         2605    i.VerifyRfFreq      regionas923.o
    0x100551d4   0x100551d4   0x0000005c   Code   RO         2791    i.VerifyRfFreq      regionau915.o
    0x10055230   0x10055230   0x00000058   Code   RO         2975    i.VerifyRfFreq      regioncn470.o
    0x10055288   0x10055288   0x00000034   Code   RO         3158    i.VerifyRfFreq      regioncn779.o
    0x100552bc   0x100552bc   0x00000034   Code   RO         3458    i.VerifyRfFreq      regioneu433.o
    0x100552f0   0x100552f0   0x000000b4   Code   RO         3641    i.VerifyRfFreq      regioneu868.o
    0x100553a4   0x100553a4   0x00000048   Code   RO         4008    i.VerifyRfFreq      regionkr920.o
    0x100553ec   0x100553ec   0x00000034   Code   RO         4195    i.VerifyRfFreq      regionru864.o
    0x10055420   0x10055420   0x00000058   Code   RO         4380    i.VerifyRfFreq      regionus915.o
    0x10055478   0x10055478   0x00000020   Code   RO         8471    i.__0printf         mc_p.l(printfa.o)
    0x10055498   0x10055498   0x00000028   Code   RO         8473    i.__0sprintf        mc_p.l(printfa.o)
    0x100554c0   0x100554c0   0x0000002e   Code   RO         8597    i.__ARM_clz         mf_p.l(depilogue.o)
    0x100554ee   0x100554ee   0x00000030   Code   RO          443    i.__ARM_common_ll_muluu  rtc.o
    0x1005551e   0x1005551e   0x0000001c   Code   RO          921    i.__ARM_common_switch8  lora.o
    0x1005553a   0x1005553a   0x00000002   PAD
    0x1005553c   0x1005553c   0x0000002c   Code   RO         8549    i.__ARM_fpclassify  m_ps.l(fpclassify.o)
    0x10055568   0x10055568   0x00000078   Code   RO         5754    i.__NVIC_SetPriority  rf_driver_hal_cortex.o
    0x100555e0   0x100555e0   0x00000078   Code   RO         7919    i.__NVIC_SetPriority  system_bluenrg_lp.o
    0x10055658   0x10055658   0x000000ac   Code   RO         8551    i.__kernel_poly     m_ps.l(poly.o)
    0x10055704   0x10055704   0x00000058   Code   RO         7920    i.__low_level_init  system_bluenrg_lp.o
    0x1005575c   0x1005575c   0x00000014   Code   RO         8535    i.__mathlib_dbl_divzero  m_ps.l(dunder.o)
    0x10055770   0x10055770   0x00000008   Code   RO         8537    i.__mathlib_dbl_infnan2  m_ps.l(dunder.o)
    0x10055778   0x10055778   0x00000010   Code   RO         8538    i.__mathlib_dbl_invalid  m_ps.l(dunder.o)
    0x10055788   0x10055788   0x00000014   Code   RO         8539    i.__mathlib_dbl_overflow  m_ps.l(dunder.o)
    0x1005579c   0x1005579c   0x00000014   Code   RO         8541    i.__mathlib_dbl_underflow  m_ps.l(dunder.o)
    0x100557b0   0x100557b0   0x0000000e   Code   RO         8613    i.__scatterload_copy  mc_p.l(handlers.o)
    0x100557be   0x100557be   0x00000002   Code   RO         8614    i.__scatterload_null  mc_p.l(handlers.o)
    0x100557c0   0x100557c0   0x0000000e   Code   RO         8615    i.__scatterload_zeroinit  mc_p.l(handlers.o)
    0x100557ce   0x100557ce   0x00000006   Code   RO         5407    i.__set_PRIMASK     timeserver.o
    0x100557d4   0x100557d4   0x0000000c   Code   RO         8587    i.__set_errno       mc_p.l(errno.o)
    0x100557e0   0x100557e0   0x00000174   Code   RO         8478    i._fp_digits        mc_p.l(printfa.o)
    0x10055954   0x10055954   0x000006f0   Code   RO         8479    i._printf_core      mc_p.l(printfa.o)
    0x10056044   0x10056044   0x00000020   Code   RO         8480    i._printf_post_padding  mc_p.l(printfa.o)
    0x10056064   0x10056064   0x0000002c   Code   RO         8481    i._printf_pre_padding  mc_p.l(printfa.o)
    0x10056090   0x10056090   0x0000000a   Code   RO         8483    i._sputc            mc_p.l(printfa.o)
    0x1005609a   0x1005609a   0x00000010   Code   RO          982    i.add_round_key     aes.o
    0x100560aa   0x100560aa   0x0000005a   Code   RO          984    i.aes_encrypt       aes.o
    0x10056104   0x10056104   0x0000011c   Code   RO          985    i.aes_set_key       aes.o
    0x10056220   0x10056220   0x0000010c   Code   RO          770    i.calibrateHumidity  ht_sensors.o
    0x1005632c   0x1005632c   0x00000164   Code   RO          771    i.calibrateTemperatureHTS221  ht_sensors.o
    0x10056490   0x10056490   0x000000c8   Code   RO         8202    i.ceil              m_ps.l(ceil.o)
    0x10056558   0x10056558   0x00000034   Code   RO          933    i.certif_DownLinkIncrement  lora-test.o
    0x1005658c   0x1005658c   0x00000014   Code   RO          934    i.certif_linkCheck  lora-test.o
    0x100565a0   0x100565a0   0x000002b8   Code   RO          935    i.certif_rx         lora-test.o
    0x10056858   0x10056858   0x00000100   Code   RO          936    i.certif_tx         lora-test.o
    0x10056958   0x10056958   0x00000084   Code   RO          986    i.copy_and_key      aes.o
    0x100569dc   0x100569dc   0x00000042   Code   RO          987    i.copy_block        aes.o
    0x10056a1e   0x10056a1e   0x00000018   Code   RO          988    i.copy_block_nn     aes.o
    0x10056a36   0x10056a36   0x00000002   PAD
    0x10056a38   0x10056a38   0x000000c8   Code   RO         8206    i.floor             m_ps.l(floor.o)
    0x10056b00   0x10056b00   0x0000001c   Code   RO          282    i.fputc             uart.o
    0x10056b1c   0x10056b1c   0x0000000c   Code   RO          469    i.getRegion         lorawan_setup.o
    0x10056b28   0x10056b28   0x0000000c   Code   RO          937    i.get_certif_running  lora-test.o
    0x10056b34   0x10056b34   0x00000048   Code   RO          772    i.initSensors       ht_sensors.o
    0x10056b7c   0x10056b7c   0x00000034   Code   RO          470    i.lorawan_send      lorawan_setup.o
    0x10056bb0   0x10056bb0   0x00000050   Code   RO            7    i.main              main.o
    0x10056c00   0x10056c00   0x00000018   Code   RO         5521    i.memcpy1           utils.o
    0x10056c18   0x10056c18   0x0000001c   Code   RO         5522    i.memcpyr           utils.o
    0x10056c34   0x10056c34   0x00000014   Code   RO         5523    i.memset1           utils.o
    0x10056c48   0x10056c48   0x00000284   Code   RO          989    i.mix_sub_columns   aes.o
    0x10056ecc   0x10056ecc   0x000009fc   Code   RO         8210    i.pow               m_ps.l(pow.o)
    0x100578c8   0x100578c8   0x00000030   Code   RO         5524    i.rand1             utils.o
    0x100578f8   0x100578f8   0x0000001a   Code   RO         5525    i.randr             utils.o
    0x10057912   0x10057912   0x00000002   PAD
    0x10057914   0x10057914   0x000000f8   Code   RO          773    i.readHumidity      ht_sensors.o
    0x10057a0c   0x10057a0c   0x000000d0   Code   RO          774    i.readPressure      ht_sensors.o
    0x10057adc   0x10057adc   0x00000154   Code   RO          775    i.readTemperatureHTS221  ht_sensors.o
    0x10057c30   0x10057c30   0x00000008   Code   RO         8219    i.rint              m_ps.l(rint.o)
    0x10057c38   0x10057c38   0x000000d4   Code   RO         7921    i.setInterruptPriority  system_bluenrg_lp.o
    0x10057d0c   0x10057d0c   0x00000078   Code   RO          471    i.setRegion         lorawan_setup.o
    0x10057d84   0x10057d84   0x000000dc   Code   RO          472    i.set_certif_running  lorawan_setup.o
    0x10057e60   0x10057e60   0x00000070   Code   RO          990    i.shift_sub_rows    aes.o
    0x10057ed0   0x10057ed0   0x00000048   Code   RO         8555    i.sqrt              m_ps.l(sqrt.o)
    0x10057f18   0x10057f18   0x0000000c   Code   RO         5526    i.srand1            utils.o
    0x10057f24   0x10057f24   0x00000138   Code   RO          776    i.txLora            ht_sensors.o
    0x1005805c   0x1005805c   0x00000082   Code   RO          991    i.xor_block         aes.o
    0x100580de   0x100580de   0x00000018   Data   RO          334    .constdata          rtc.o
    0x100580f6   0x100580f6   0x00000300   Data   RO          992    .constdata          aes.o
    0x100583f6   0x100583f6   0x00000028   Data   RO         1284    .constdata          loramac.o
    0x1005841e   0x1005841e   0x00000013   Data   RO         1922    .constdata          loramaccommands.o
    0x10058431   0x10058431   0x00000003   PAD
    0x10058434   0x10058434   0x000000a0   Data   RO         2607    .constdata          regionas923.o
    0x100584d4   0x100584d4   0x000000d4   Data   RO         2793    .constdata          regionau915.o
    0x100585a8   0x100585a8   0x0000004c   Data   RO         2977    .constdata          regioncn470.o
    0x100585f4   0x100585f4   0x000000a0   Data   RO         3160    .constdata          regioncn779.o
    0x10058694   0x10058694   0x000000a0   Data   RO         3460    .constdata          regioneu433.o
    0x10058734   0x10058734   0x000000f0   Data   RO         3643    .constdata          regioneu868.o
    0x10058824   0x10058824   0x00000094   Data   RO         4010    .constdata          regionkr920.o
    0x100588b8   0x100588b8   0x00000088   Data   RO         4197    .constdata          regionru864.o
    0x10058940   0x10058940   0x000000a4   Data   RO         4382    .constdata          regionus915.o
    0x100589e4   0x100589e4   0x0000015f   Data   RO         4579    .constdata          radio.o
    0x10058b43   0x10058b43   0x00000005   PAD
    0x10058b48   0x10058b48   0x00000088   Data   RO         8211    .constdata          m_ps.l(pow.o)
    0x10058bd0   0x10058bd0   0x00000008   Data   RO         8553    .constdata          m_ps.l(qnan.o)
    0x10058bd8   0x10058bd8   0x000004ed   Data   RO          858    .conststring        lora.o
    0x100590c5   0x100590c5   0x00000003   PAD
    0x100590c8   0x100590c8   0x00000065   Data   RO         1285    .conststring        loramac.o
    0x1005912d   0x1005912d   0x00000003   PAD
    0x10059130   0x10059130   0x00000049   Data   RO         4580    .conststring        radio.o
    0x10059179   0x10059179   0x00000003   PAD
    0x1005917c   0x1005917c   0x00000030   Data   RO         8611    Region$$Table       anon$$obj.o


    Execution Region REGION_FLASH_NVM (Exec base: 0x1007f000, Load base: 0x100591ac, Size: 0x00001000, Max: 0x00001000, ABSOLUTE, UNINIT)

    Exec Addr    Load Addr    Size         Type   Attr      Idx    E Section Name        Object

    0x1007f000        -       0x00001000   Zero   RW            1    REGION_FLASH_NVM.bss  anon$$obj.o


    Execution Region ram_vr_block (Exec base: 0x20000004, Load base: 0x100591ac, Size: 0x0000002c, Max: 0x0000002c, ABSOLUTE, UNINIT)

    Exec Addr    Load Addr    Size         Type   Attr      Idx    E Section Name        Object

    0x20000004        -       0x0000002c   Zero   RW         7925    .ram_vr             system_bluenrg_lp.o


    Execution Region crash_info_ram_vr_block (Exec base: 0x20000034, Load base: 0x100591ac, Size: 0x00000000, Max: 0x00000028, ABSOLUTE, UNINIT)

    **** No section assigned to this execution region ****


    Execution Region BLUE (Exec base: 0x200000c0, Load base: 0x100591ac, Size: 0x0000029c, Max: 0xffffffff, ABSOLUTE, COMPRESSED[0x00000008])

    Exec Addr    Load Addr    Size         Type   Attr      Idx    E Section Name        Object

    0x200000c0   COMPRESSED   0x0000029c   Data   RW         7922    .bss.__blue_RAM     system_bluenrg_lp.o


    Execution Region REGION_RAM1 (Exec base: 0x2000035c, Load base: 0x100591b4, Size: 0x0000237c, Max: 0xffffffff, ABSOLUTE, COMPRESSED[0x00000164])

    Exec Addr    Load Addr    Size         Type   Attr      Idx    E Section Name        Object

    0x2000035c   COMPRESSED   0x00000072   Data   RW          475    .data               lorawan_setup.o
    0x200003ce   COMPRESSED   0x00000002   PAD
    0x200003d0   COMPRESSED   0x00000008   Data   RW          563    .data               bluenrg_lp_hal_msp.o
    0x200003d8   COMPRESSED   0x00000031   Data   RW          779    .data               ht_sensors.o
    0x20000409   COMPRESSED   0x00000003   PAD
    0x2000040c   COMPRESSED   0x00000110   Data   RW          859    .data               lora.o
    0x2000051c   COMPRESSED   0x00000008   Data   RW          940    .data               lora-test.o
    0x20000524   COMPRESSED   0x00000004   Data   RW         1108    .data               soft-se.o
    0x20000528   COMPRESSED   0x00000009   Data   RW         1286    .data               loramac.o
    0x20000531   COMPRESSED   0x00000003   PAD
    0x20000534   COMPRESSED   0x00000004   Data   RW         1923    .data               loramaccommands.o
    0x20000538   COMPRESSED   0x00000014   Data   RW         2176    .data               loramaccrypto.o
    0x2000054c   COMPRESSED   0x00000001   Data   RW         2794    .data               regionau915.o
    0x2000054d   COMPRESSED   0x00000003   PAD
    0x20000550   COMPRESSED   0x000000a4   Data   RW         4581    .data               radio.o
    0x200005f4   COMPRESSED   0x00000009   Data   RW         4818    .data               sx126x.o
    0x200005fd   COMPRESSED   0x00000003   PAD
    0x20000600   COMPRESSED   0x00000004   Data   RW         5409    .data               timeserver.o
    0x20000604   COMPRESSED   0x00000004   Data   RW         5527    .data               utils.o
    0x20000608   COMPRESSED   0x0000000c   Data   RW         5615    .data               rf_driver_hal.o
    0x20000614   COMPRESSED   0x00000004   Data   RW         7923    .data               system_bluenrg_lp.o
    0x20000618   COMPRESSED   0x00000004   Data   RW         8578    .data               mc_p.l(stdout.o)
    0x2000061c   COMPRESSED   0x00000004   Data   RW         8588    .data               mc_p.l(errno.o)
    0x20000620        -       0x00000064   Zero   RW          256    .bss                spi.o
    0x20000684        -       0x0000008c   Zero   RW          283    .bss                uart.o
    0x20000710        -       0x00000060   Zero   RW          333    .bss                rtc.o
    0x20000770        -       0x00000058   Zero   RW          473    .bss                lorawan_setup.o
    0x200007c8        -       0x0000004c   Zero   RW          728    .bss                i2c.o
    0x20000814        -       0x00000018   Zero   RW          777    .bss                ht_sensors.o
    0x2000082c        -       0x0000004c   Zero   RW          856    .bss                lora.o
    0x20000878        -       0x00000062   Zero   RW          938    .bss                lora-test.o
    0x200008da   COMPRESSED   0x00000002   PAD
    0x200008dc        -       0x000003a4   Zero   RW         1107    .bss                soft-se.o
    0x20000c80        -       0x000006b4   Zero   RW         1283    .bss                loramac.o
    0x20001334        -       0x000000fc   Zero   RW         1921    .bss                loramaccommands.o
    0x20001430        -       0x0000002c   Zero   RW         2048    .bss                loramacconfirmqueue.o
    0x2000145c        -       0x00000040   Zero   RW         2175    .bss                loramaccrypto.o
    0x2000149c        -       0x000000d4   Zero   RW         2606    .bss                regionas923.o
    0x20001570        -       0x00000394   Zero   RW         2792    .bss                regionau915.o
    0x20001904        -       0x000004a8   Zero   RW         2976    .bss                regioncn470.o
    0x20001dac        -       0x000000d4   Zero   RW         3159    .bss                regioncn779.o
    0x20001e80        -       0x000000d4   Zero   RW         3459    .bss                regioneu433.o
    0x20001f54        -       0x00000124   Zero   RW         3642    .bss                regioneu868.o
    0x20002078        -       0x000000d4   Zero   RW         4009    .bss                regionkr920.o
    0x2000214c        -       0x00000074   Zero   RW         4196    .bss                regionru864.o
    0x200021c0        -       0x00000398   Zero   RW         4381    .bss                regionus915.o
    0x20002558        -       0x00000180   Zero   RW         4578    .bss                radio.o


    Execution Region REGION_RAM2 (Exec base: 0x200026d8, Load base: 0x10059318, Size: 0x00000000, Max: 0xffffffff, ABSOLUTE, UNINIT)

    **** No section assigned to this execution region ****


    Execution Region ARM_LIB_STACK (Exec base: 0x2000f400, Load base: 0x10059318, Size: 0x00000c00, Max: 0x00000c00, ABSOLUTE)

    Exec Addr    Load Addr    Size         Type   Attr      Idx    E Section Name        Object

    0x2000f400        -       0x00000c00   Zero   RW            3    ARM_LIB_STACK.bss   anon$$obj.o


==============================================================================

Image component sizes


      Code (inc. data)   RO Data    RW Data    ZI Data      Debug   Object Name

      1498         22        768          0          0      16916   aes.o
       600         54          0          8          0       7628   bluenrg_lp_hal_msp.o
        64         10          0          0          0       2736   bluenrg_lp_it.o
       746          0          0          0          0       4713   cmac.o
       140         12          0          0          0       6325   hal_wrappers.o
      1996        504          0         49         24       6555   ht_sensors.o
       284         38          0          0         76       5356   i2c.o
      1100        194          0          8         98       5815   lora-test.o
      1614        348       1261        272         76       8733   lora.o
     15782       1424        141          9       1716      64592   loramac.o
       282         22          0          0          0       2437   loramacadr.o
       106          0          0          0          0      18243   loramacclassb.o
       856         82         19          4        252      14547   loramaccommands.o
       646         66          0          0         44      11233   loramacconfirmqueue.o
      2792        128          0         20         64      23874   loramaccrypto.o
       552          0          0          0          0       2106   loramacparser.o
       480          0          0          0          0       2203   loramacserializer.o
       782        330          0        114         88       7107   lorawan_setup.o
       100         10          0          0          0     578114   main.o
      3596        586        424        164        384      25027   radio.o
      2704        350          0          0          0      39399   region.o
      3704        362        160          0        212      27562   regionas923.o
      3432        366        212          1        916      24098   regionau915.o
      2732        380         76          0       1192      23026   regioncn470.o
      3472        350        160          0        212      25458   regioncn779.o
      1552        102          0          0          0      14448   regioncommon.o
      3468        346        160          0        212      25458   regioneu433.o
      3588        370        240          0        292      25878   regioneu868.o
      3488        342        148          0        212      26306   regionkr920.o
      3420        346        136          0        116      25322   regionru864.o
      3732        368        164          0        920      26042   regionus915.o
       198         30          0         12          0       4149   rf_driver_hal.o
       302         38          0          0          0      14962   rf_driver_hal_cortex.o
        92          0          0          0          0       1159   rf_driver_hal_dma.o
       372          0          0          0          0       9688   rf_driver_hal_exti.o
         0          0          0          0          0       3464   rf_driver_hal_flash_ex.o
       950          6          0          0          0      13141   rf_driver_hal_gpio.o
      1856         38          0          0          0      11758   rf_driver_hal_i2c.o
       222          0          0          0          0       2055   rf_driver_hal_i2c_ex.o
        12          6          0          0          0        578   rf_driver_hal_rcc.o
      1708         30          0          0          0       9526   rf_driver_hal_rtc.o
        32          0          0          0          0       1863   rf_driver_hal_rtc_ex.o
      2208         10          0          0          0       8250   rf_driver_hal_spi.o
      1790         30          0          0          0       6565   rf_driver_hal_uart.o
       406         18          0          0          0       3833   rf_driver_hal_uart_ex.o
      1346        196         24          0         96      15279   rtc.o
      1168         52          0          4        932      16691   soft-se.o
       108         30          0          0        100        719   spi.o
       754         20          0          0          0      12982   sx1262_interface.o
      2310        172          0          9          0      25928   sx126x.o
      2586        184        192        672         44      69551   system_bluenrg_lp.o
       286          0          0          0          0       6304   systime.o
       812         52          0          4          0       8979   timeserver.o
       308        158          0          0        140       1275   uart.o
       290         36          0          4          0       6221   utils.o

    ----------------------------------------------------------------------
     89548       8618       4350       1368      21732    1352177   Object Totals
         0          0         48          0      13312          0   (incl. Generated)
       124          0         17         14          2          0   (incl. Padding)

    ----------------------------------------------------------------------

      Code (inc. data)   RO Data    RW Data    ZI Data      Debug   Library Member Name

       200         20          0          0          0         76   ceil.o
        84         14          0          0          0        340   dunder.o
       200         20          0          0          0         76   floor.o
        44          4          0          0          0         60   fpclassify.o
       172          0          0          0          0         76   poly.o
      2556        196        136          0          0        240   pow.o
         0          0          8          0          0          0   qnan.o
         8          0          0          0          0         68   rint.o
        72          6          0          0          0         76   sqrt.o
        86          0          0          0          0          0   __dczerorl2.o
         0          0          0          0          0          0   entry.o
         0          0          0          0          0          0   entry10a.o
         0          0          0          0          0          0   entry11a.o
         4          0          0          0          0          0   entry12b.o
         8          4          0          0          0          0   entry4.o
         4          0          0          0          0          0   entry5.o
         0          0          0          0          0          0   entry7b.o
         0          0          0          0          0          0   entry8b.o
         8          4          0          0          0          0   entry9a.o
        12          6          0          4          0         60   errno.o
        30          0          0          0          0          0   handlers.o
        40          0          0          0          0         72   idiv.o
        36          8          0          0          0         68   init.o
         0          0          0          0          0          0   iusefp.o
       122          0          0          0          0         84   llmul.o
        32          0          0          0          0         68   llshl.o
        38          0          0          0          0         68   llsshr.o
        34          0          0          0          0         68   llushr.o
        36          0          0          0          0         60   memcpya.o
        36          0          0          0          0        100   memseta.o
      2306        102          0          0          0        556   printfa.o
         0          0          0          4          0          0   stdout.o
        44          0          0          0          0         72   uidiv.o
        96          0          0          0          0         84   uldiv.o
        40          2          0          0          0         68   cdrcmple.o
        20          0          0          0          0         68   cfcmple.o
        56          0          0          0          0         68   d2f.o
       360          6          0          0          0        140   dadd.o
       240          6          0          0          0         84   ddiv.o
       236          0          0          0          0        216   depilogue.o
        72         10          0          0          0         72   dfixi.o
        60         10          0          0          0         68   dfixui.o
        64         10          0          0          0         68   dfixul.o
        40          6          0          0          0         68   dflti.o
        28          4          0          0          0         68   dfltui.o
       208          6          0          0          0         88   dmul.o
       124         10          0          0          0         76   drnd.o
        44          0          0          0          0         72   dscalb.o
       162          0          0          0          0         80   dsqrt.o
        40          0          0          0          0         60   f2d.o
       178          0          0          0          0        108   fadd.o
       124          0          0          0          0         72   fdiv.o
       130          0          0          0          0        144   fepilogue.o
        50          0          0          0          0         60   ffixi.o
        40          0          0          0          0         60   ffixui.o
        22          0          0          0          0         68   fflti.o
        14          0          0          0          0         68   ffltui.o
       122          0          0          0          0         72   fmul.o

    ----------------------------------------------------------------------
      8786        454        144          8          0       4388   Library Totals
         4          0          0          0          0          0   (incl. Padding)

    ----------------------------------------------------------------------

      Code (inc. data)   RO Data    RW Data    ZI Data      Debug   Library Name

      3336        260        144          0          0       1012   m_ps.l
      2972        124          0          8          0       1360   mc_p.l
      2474         70          0          0          0       2016   mf_p.l

    ----------------------------------------------------------------------
      8786        454        144          8          0       4388   Library Totals

    ----------------------------------------------------------------------

==============================================================================


      Code (inc. data)   RO Data    RW Data    ZI Data      Debug   

     98334       9072       4494       1376      21732    1320305   Grand Totals
     98334       9072       4494        364      21732    1320305   ELF Image Totals (compressed)
     98334       9072       4494        364          0          0   ROM Totals

==============================================================================

    Total RO  Size (Code + RO Data)               102828 ( 100.42kB)
    Total RW  Size (RW Data + ZI Data)             23108 (  22.57kB)
    Total ROM Size (Code + RO Data + RW Data)     103192 ( 100.77kB)

==============================================================================

